[Licensing::Module] Trying to connect to existing licensing client channel...
[Licensing::IpcConnector] Successfully connected to: "LicenseClient-WIN10" at "2026-08-24T08:50:37.1265986Z"
[Licensing::Client] Code 10 while verifying Licensing Client signature (process Id: 6032, path: "D:/unity/Unity Hub/UnityLicensingClient_V1/Unity.Licensing.Client.exe")
[Licensing::Module] LicensingClient has failed validation; ignoring
[Licensing::Client] Error: HandshakeResponse reported an error:
	ResponseCode: 505
	ResponseStatus: Unsupported protocol version '1.16.2'.
[Licensing::Module] Error: Failed to handshake to channel: "LicenseClient-WIN10"
[Licensing::IpcConnector] LicenseClient-WIN10 channel disconnected successfully.
[Licensing::IpcConnector] Successfully connected to: "LicenseClient-WIN10-2022.3.62" at "2026-08-24T08:50:37.1870985Z"
[Licensing::Client] Code 10 while verifying Licensing Client signature (process Id: 16716, path: "C:/Program Files/Unity/Hub/Editor/2022.3.62f3/Editor/Data/Resources/Licensing/Client/Unity.Licensing.Client.exe")
[Licensing::Module] LicensingClient has failed validation; ignoring
[Licensing::Client] Handshaking with LicensingClient:
  Version:                 1.16.2+bdef8f5
  Session Id:              eeb3dacd62b14987a449ea5d7cf99630
  Correlation Id:          32fcc81276828896fcc3479650094061
  External correlation Id: 2680957192797267594
  Machine Id:              OfSOB9hlSOHqKDTn/0aysRfJBWw=
[Licensing::Module] Successfully connected to LicensingClient on channel: "LicenseClient-WIN10-2022.3.62" (connect: 0.00s, validation: 0.01s, handshake: 0.01s)
[Licensing::IpcConnector] Successfully connected to: "LicenseClient-WIN10-2022.3.62-notifications" at "2026-08-24T08:50:37.2055989Z"
[Licensing::Module] Error: Access token is unavailable; failed to update
[Licensing::Client] Successfully updated license
Built from '2022.3/china_unity/release' branch; Version is '2022.3.62f3c1 (1623fc0bbb97) revision 1451004'; Using compiler version '192829333'; Build Type 'Release'
OS: 'Windows 10  (10.0.19045) 64bit Professional' Language: 'zh' Physical Memory: 65241 MB
[Licensing::Client] Successfully resolved entitlement details
[Licensing::Module] Serial number assigned to: "F4-FUFT-MQVB-TJ9V-896H-XXXX"
BatchMode: 1, IsHumanControllingUs: 0, StartBugReporterOnCrash: 0, Is64bit: 1, IsPro: 0
[Licensing::Client] Successfully resolved entitlement details

COMMAND LINE ARGUMENTS:
C:\Program Files\Unity\Hub\Editor\2022.3.62f3c1\Editor\Unity.exe
-batchmode
-nographics
-quit
-projectPath
D:\unity\UnityProject\ColorTimeing\New\_ColorTiming
-logFile
D:\unity\UnityProject\ColorTimeing\New\_ColorTiming\Documentation\Refactor\target-content-import.log
Successfully changed project path to: D:\unity\UnityProject\ColorTimeing\New\_ColorTiming
D:/unity/UnityProject/ColorTimeing/New/_ColorTiming
[UnityMemory] Configuration Parameters - Can be set up in boot.config
    "memorysetup-bucket-allocator-granularity=16"
    "memorysetup-bucket-allocator-bucket-count=8"
    "memorysetup-bucket-allocator-block-size=33554432"
    "memorysetup-bucket-allocator-block-count=8"
    "memorysetup-main-allocator-block-size=16777216"
    "memorysetup-thread-allocator-block-size=16777216"
    "memorysetup-gfx-main-allocator-block-size=16777216"
    "memorysetup-gfx-thread-allocator-block-size=16777216"
    "memorysetup-cache-allocator-block-size=4194304"
    "memorysetup-typetree-allocator-block-size=2097152"
    "memorysetup-profiler-bucket-allocator-granularity=16"
    "memorysetup-profiler-bucket-allocator-bucket-count=8"
    "memorysetup-profiler-bucket-allocator-block-size=33554432"
    "memorysetup-profiler-bucket-allocator-block-count=8"
    "memorysetup-profiler-allocator-block-size=16777216"
    "memorysetup-profiler-editor-allocator-block-size=1048576"
    "memorysetup-temp-allocator-size-main=16777216"
    "memorysetup-job-temp-allocator-block-size=2097152"
    "memorysetup-job-temp-allocator-block-size-background=1048576"
    "memorysetup-job-temp-allocator-reduction-small-platforms=262144"
    "memorysetup-allocator-temp-initial-block-size-main=262144"
    "memorysetup-allocator-temp-initial-block-size-worker=262144"
    "memorysetup-temp-allocator-size-background-worker=32768"
    "memorysetup-temp-allocator-size-job-worker=262144"
    "memorysetup-temp-allocator-size-preload-manager=33554432"
    "memorysetup-temp-allocator-size-nav-mesh-worker=65536"
    "memorysetup-temp-allocator-size-audio-worker=65536"
    "memorysetup-temp-allocator-size-cloud-worker=32768"
    "memorysetup-temp-allocator-size-gi-baking-worker=262144"
    "memorysetup-temp-allocator-size-gfx=262144"
Player connection [8860]  Target information:

Player connection [8860]  * "[IP] 192.168.3.51 [Port] 55506 [Flags] 2 [Guid] 1595067856 [EditorId] 1595067856 [Version] 1048832 [Id] WindowsEditor(7,DESKTOP-7JQ11GM) [Debug] 1 [PackageName] WindowsEditor [ProjectName] Editor" 

Player connection [8860] Host joined multi-casting on [225.0.0.222:54997]...
Player connection [8860] Host joined alternative multi-casting on [225.0.0.222:34997]...
Input System module state changed to: Initialized.
[PhysX] Initialized MultithreadedTaskDispatcher with 20 workers.
[Package Manager] UpmClient::Connect -- Connected to IPC stream "Upm-25968" after 0.2 seconds.
[Package Manager] Restoring resolved packages state from cache
[Licensing::Client] Successfully resolved entitlement details
[Package Manager] Registered 73 packages:
  Packages from [https://npm.cloudsmith.io/jillejr/newtonsoft-json-for-unity]:
    jillejr.newtonsoft.json-for-unity.converters@1.6.3 (location: D:\unity\UnityProject\ColorTimeing\New\_ColorTiming\Library\PackageCache\jillejr.newtonsoft.json-for-unity.converters@1.6.3)
  Packages from [https://packages.unity.cn]:
    com.unity.cinemachine@2.10.3 (location: D:\unity\UnityProject\ColorTimeing\New\_ColorTiming\Library\PackageCache\com.unity.cinemachine@2.10.3)
    com.unity.collab-proxy@2.12.4 (location: D:\unity\UnityProject\ColorTimeing\New\_ColorTiming\Library\PackageCache\com.unity.collab-proxy@2.12.4)
    com.unity.collections@2.5.7 (location: D:\unity\UnityProject\ColorTimeing\New\_ColorTiming\Library\PackageCache\com.unity.collections@2.5.7)
    com.unity.ide.rider@3.0.36 (location: D:\unity\UnityProject\ColorTimeing\New\_ColorTiming\Library\PackageCache\com.unity.ide.rider@3.0.36)
    com.unity.ide.visualstudio@2.0.22 (location: D:\unity\UnityProject\ColorTimeing\New\_ColorTiming\Library\PackageCache\com.unity.ide.visualstudio@2.0.22)
    com.unity.ide.vscode@1.2.5 (location: D:\unity\UnityProject\ColorTimeing\New\_ColorTiming\Library\PackageCache\com.unity.ide.vscode@1.2.5)
    com.unity.jobs@0.70.0-preview.7 (location: D:\unity\UnityProject\ColorTimeing\New\_ColorTiming\Library\PackageCache\com.unity.jobs@0.70.0-preview.7)
    com.unity.nuget.newtonsoft-json@3.2.1 (location: D:\unity\UnityProject\ColorTimeing\New\_ColorTiming\Library\PackageCache\com.unity.nuget.newtonsoft-json@3.2.1)
    com.unity.probuilder@5.2.4 (location: D:\unity\UnityProject\ColorTimeing\New\_ColorTiming\Library\PackageCache\com.unity.probuilder@5.2.4)
    com.unity.searcher@4.9.2 (location: D:\unity\UnityProject\ColorTimeing\New\_ColorTiming\Library\PackageCache\com.unity.searcher@4.9.2)
    com.unity.textmeshpro@3.0.8 (location: D:\unity\UnityProject\ColorTimeing\New\_ColorTiming\Library\PackageCache\com.unity.textmeshpro@3.0.8)
    com.unity.timeline@1.7.7 (location: D:\unity\UnityProject\ColorTimeing\New\_ColorTiming\Library\PackageCache\com.unity.timeline@1.7.7)
    com.unity.visualscripting@1.9.4 (location: D:\unity\UnityProject\ColorTimeing\New\_ColorTiming\Library\PackageCache\com.unity.visualscripting@1.9.4)
    com.unity.burst@1.8.21 (location: D:\unity\UnityProject\ColorTimeing\New\_ColorTiming\Library\PackageCache\com.unity.burst@1.8.21)
    com.unity.settings-manager@2.1.0 (location: D:\unity\UnityProject\ColorTimeing\New\_ColorTiming\Library\PackageCache\com.unity.settings-manager@2.1.0)
    com.unity.2d.animation@9.2.0 (location: D:\unity\UnityProject\ColorTimeing\New\_ColorTiming\Library\PackageCache\com.unity.2d.animation@9.2.0)
    com.unity.2d.pixel-perfect@5.1.0 (location: D:\unity\UnityProject\ColorTimeing\New\_ColorTiming\Library\PackageCache\com.unity.2d.pixel-perfect@5.1.0)
    com.unity.2d.psdimporter@8.1.0 (location: D:\unity\UnityProject\ColorTimeing\New\_ColorTiming\Library\PackageCache\com.unity.2d.psdimporter@8.1.0)
    com.unity.2d.spriteshape@9.1.0 (location: D:\unity\UnityProject\ColorTimeing\New\_ColorTiming\Library\PackageCache\com.unity.2d.spriteshape@9.1.0)
    com.unity.2d.tilemap.extras@3.1.3 (location: D:\unity\UnityProject\ColorTimeing\New\_ColorTiming\Library\PackageCache\com.unity.2d.tilemap.extras@3.1.3)
    com.unity.2d.aseprite@1.1.9 (location: D:\unity\UnityProject\ColorTimeing\New\_ColorTiming\Library\PackageCache\com.unity.2d.aseprite@1.1.9)
    com.unity.mathematics@1.3.2 (location: D:\unity\UnityProject\ColorTimeing\New\_ColorTiming\Library\PackageCache\com.unity.mathematics@1.3.2)
    com.unity.test-framework@1.4.6 (location: D:\unity\UnityProject\ColorTimeing\New\_ColorTiming\Library\PackageCache\com.unity.test-framework@1.4.6)
    com.unity.nuget.mono-cecil@1.11.5 (location: D:\unity\UnityProject\ColorTimeing\New\_ColorTiming\Library\PackageCache\com.unity.nuget.mono-cecil@1.11.5)
    com.unity.test-framework.performance@3.0.3 (location: D:\unity\UnityProject\ColorTimeing\New\_ColorTiming\Library\PackageCache\com.unity.test-framework.performance@3.0.3)
    com.unity.2d.common@8.1.0 (location: D:\unity\UnityProject\ColorTimeing\New\_ColorTiming\Library\PackageCache\com.unity.2d.common@8.1.0)
    com.unity.ext.nunit@2.0.3 (location: D:\unity\UnityProject\ColorTimeing\New\_ColorTiming\Library\PackageCache\com.unity.ext.nunit@2.0.3)
  Built-in packages:
    com.unity.feature.2d@2.0.1 (location: D:\unity\UnityProject\ColorTimeing\New\_ColorTiming\Library\PackageCache\com.unity.feature.2d@2.0.1)
    com.unity.render-pipelines.universal@14.0.12 (location: D:\unity\UnityProject\ColorTimeing\New\_ColorTiming\Library\PackageCache\com.unity.render-pipelines.universal@14.0.12)
    com.unity.ugui@1.0.0 (location: D:\unity\UnityProject\ColorTimeing\New\_ColorTiming\Library\PackageCache\com.unity.ugui@1.0.0)
    com.unity.modules.ai@1.0.0 (location: D:\unity\UnityProject\ColorTimeing\New\_ColorTiming\Library\PackageCache\com.unity.modules.ai@1.0.0)
    com.unity.modules.androidjni@1.0.0 (location: D:\unity\UnityProject\ColorTimeing\New\_ColorTiming\Library\PackageCache\com.unity.modules.androidjni@1.0.0)
    com.unity.modules.animation@1.0.0 (location: D:\unity\UnityProject\ColorTimeing\New\_ColorTiming\Library\PackageCache\com.unity.modules.animation@1.0.0)
    com.unity.modules.assetbundle@1.0.0 (location: D:\unity\UnityProject\ColorTimeing\New\_ColorTiming\Library\PackageCache\com.unity.modules.assetbundle@1.0.0)
    com.unity.modules.audio@1.0.0 (location: D:\unity\UnityProject\ColorTimeing\New\_ColorTiming\Library\PackageCache\com.unity.modules.audio@1.0.0)
    com.unity.modules.cloth@1.0.0 (location: D:\unity\UnityProject\ColorTimeing\New\_ColorTiming\Library\PackageCache\com.unity.modules.cloth@1.0.0)
    com.unity.modules.director@1.0.0 (location: D:\unity\UnityProject\ColorTimeing\New\_ColorTiming\Library\PackageCache\com.unity.modules.director@1.0.0)
    com.unity.modules.imageconversion@1.0.0 (location: D:\unity\UnityProject\ColorTimeing\New\_ColorTiming\Library\PackageCache\com.unity.modules.imageconversion@1.0.0)
    com.unity.modules.imgui@1.0.0 (location: D:\unity\UnityProject\ColorTimeing\New\_ColorTiming\Library\PackageCache\com.unity.modules.imgui@1.0.0)
    com.unity.modules.jsonserialize@1.0.0 (location: D:\unity\UnityProject\ColorTimeing\New\_ColorTiming\Library\PackageCache\com.unity.modules.jsonserialize@1.0.0)
    com.unity.modules.particlesystem@1.0.0 (location: D:\unity\UnityProject\ColorTimeing\New\_ColorTiming\Library\PackageCache\com.unity.modules.particlesystem@1.0.0)
    com.unity.modules.physics@1.0.0 (location: D:\unity\UnityProject\ColorTimeing\New\_ColorTiming\Library\PackageCache\com.unity.modules.physics@1.0.0)
    com.unity.modules.physics2d@1.0.0 (location: D:\unity\UnityProject\ColorTimeing\New\_ColorTiming\Library\PackageCache\com.unity.modules.physics2d@1.0.0)
    com.unity.modules.screencapture@1.0.0 (location: D:\unity\UnityProject\ColorTimeing\New\_ColorTiming\Library\PackageCache\com.unity.modules.screencapture@1.0.0)
    com.unity.modules.terrain@1.0.0 (location: D:\unity\UnityProject\ColorTimeing\New\_ColorTiming\Library\PackageCache\com.unity.modules.terrain@1.0.0)
    com.unity.modules.terrainphysics@1.0.0 (location: D:\unity\UnityProject\ColorTimeing\New\_ColorTiming\Library\PackageCache\com.unity.modules.terrainphysics@1.0.0)
    com.unity.modules.tilemap@1.0.0 (location: D:\unity\UnityProject\ColorTimeing\New\_ColorTiming\Library\PackageCache\com.unity.modules.tilemap@1.0.0)
    com.unity.modules.ui@1.0.0 (location: D:\unity\UnityProject\ColorTimeing\New\_ColorTiming\Library\PackageCache\com.unity.modules.ui@1.0.0)
    com.unity.modules.uielements@1.0.0 (location: D:\unity\UnityProject\ColorTimeing\New\_ColorTiming\Library\PackageCache\com.unity.modules.uielements@1.0.0)
    com.unity.modules.umbra@1.0.0 (location: D:\unity\UnityProject\ColorTimeing\New\_ColorTiming\Library\PackageCache\com.unity.modules.umbra@1.0.0)
    com.unity.modules.unityanalytics@1.0.0 (location: D:\unity\UnityProject\ColorTimeing\New\_ColorTiming\Library\PackageCache\com.unity.modules.unityanalytics@1.0.0)
    com.unity.modules.unitywebrequest@1.0.0 (location: D:\unity\UnityProject\ColorTimeing\New\_ColorTiming\Library\PackageCache\com.unity.modules.unitywebrequest@1.0.0)
    com.unity.modules.unitywebrequestassetbundle@1.0.0 (location: D:\unity\UnityProject\ColorTimeing\New\_ColorTiming\Library\PackageCache\com.unity.modules.unitywebrequestassetbundle@1.0.0)
    com.unity.modules.unitywebrequestaudio@1.0.0 (location: D:\unity\UnityProject\ColorTimeing\New\_ColorTiming\Library\PackageCache\com.unity.modules.unitywebrequestaudio@1.0.0)
    com.unity.modules.unitywebrequesttexture@1.0.0 (location: D:\unity\UnityProject\ColorTimeing\New\_ColorTiming\Library\PackageCache\com.unity.modules.unitywebrequesttexture@1.0.0)
    com.unity.modules.unitywebrequestwww@1.0.0 (location: D:\unity\UnityProject\ColorTimeing\New\_ColorTiming\Library\PackageCache\com.unity.modules.unitywebrequestwww@1.0.0)
    com.unity.modules.vehicles@1.0.0 (location: D:\unity\UnityProject\ColorTimeing\New\_ColorTiming\Library\PackageCache\com.unity.modules.vehicles@1.0.0)
    com.unity.modules.video@1.0.0 (location: D:\unity\UnityProject\ColorTimeing\New\_ColorTiming\Library\PackageCache\com.unity.modules.video@1.0.0)
    com.unity.modules.vr@1.0.0 (location: D:\unity\UnityProject\ColorTimeing\New\_ColorTiming\Library\PackageCache\com.unity.modules.vr@1.0.0)
    com.unity.modules.wind@1.0.0 (location: D:\unity\UnityProject\ColorTimeing\New\_ColorTiming\Library\PackageCache\com.unity.modules.wind@1.0.0)
    com.unity.modules.xr@1.0.0 (location: D:\unity\UnityProject\ColorTimeing\New\_ColorTiming\Library\PackageCache\com.unity.modules.xr@1.0.0)
    com.unity.modules.subsystems@1.0.0 (location: D:\unity\UnityProject\ColorTimeing\New\_ColorTiming\Library\PackageCache\com.unity.modules.subsystems@1.0.0)
    com.unity.render-pipelines.core@14.0.12 (location: D:\unity\UnityProject\ColorTimeing\New\_ColorTiming\Library\PackageCache\com.unity.render-pipelines.core@14.0.12)
    com.unity.shadergraph@14.0.12 (location: D:\unity\UnityProject\ColorTimeing\New\_ColorTiming\Library\PackageCache\com.unity.shadergraph@14.0.12)
    com.unity.render-pipelines.universal-config@14.0.10 (location: D:\unity\UnityProject\ColorTimeing\New\_ColorTiming\Library\PackageCache\com.unity.render-pipelines.universal-config@14.0.10)
    com.unity.2d.sprite@1.0.0 (location: D:\unity\UnityProject\ColorTimeing\New\_ColorTiming\Library\PackageCache\com.unity.2d.sprite@1.0.0)
    com.unity.2d.tilemap@1.0.0 (location: D:\unity\UnityProject\ColorTimeing\New\_ColorTiming\Library\PackageCache\com.unity.2d.tilemap@1.0.0)
  Local packages:
    com.handzlikchris.fastscriptreload@file:D:\unity\UnityProject\ColorTimeing\New\_ColorTiming\LocalPackages\FastScriptReload\Assets (location: D:\unity\UnityProject\ColorTimeing\New\_ColorTiming\LocalPackages\FastScriptReload\Assets)
  Git packages:
    com.besty.unity-skills@https://github.com/Besty0728/Unity-Skills.git?path=/SkillsForUnity#v2.1.0 (location: D:\unity\UnityProject\ColorTimeing\New\_ColorTiming\Library\PackageCache\com.besty.unity-skills@f6f09e6bb0)
    com.code-philosophy.hybridclr@https://gitee.com/focus-creative-games/hybridclr_unity.git (location: D:\unity\UnityProject\ColorTimeing\New\_ColorTiming\Library\PackageCache\com.code-philosophy.hybridclr@e4def761d6)
    com.code-philosophy.obfuz@https://gitee.com/focus-creative-games/obfuz.git (location: D:\unity\UnityProject\ColorTimeing\New\_ColorTiming\Library\PackageCache\com.code-philosophy.obfuz@977779c8b7)
    com.code-philosophy.obfuz4hybridclr@https://gitee.com/focus-creative-games/obfuz4hybridclr.git (location: D:\unity\UnityProject\ColorTimeing\New\_ColorTiming\Library\PackageCache\com.code-philosophy.obfuz4hybridclr@40c8b6c1a8)
[Subsystems] No new subsystems found in resolved package list.
Package Manager log level set to [2]
[Package Manager] Done registering packages in 0.11 seconds
Refreshing native plugins compatible for Editor in 17.24 ms, found 5 plugins.
Preloading 0 native plugins for Editor in 0.00 ms.
Initialize engine version: 2022.3.62f3c1 (1623fc0bbb97)
[Subsystems] Discovering subsystems at path C:/Program Files/Unity/Hub/Editor/2022.3.62f3c1/Editor/Data/Resources/UnitySubsystems
[Subsystems] Discovering subsystems at path D:/unity/UnityProject/ColorTimeing/New/_ColorTiming/Assets
Forcing GfxDevice: Null
GfxDevice: creating device client; threaded=0; jobified=0
NullGfxDevice:
    Version:  NULL 1.0 [1.0]
    Renderer: Null Device
    Vendor:   Unity Technologies
[Licensing::Client] Successfully resolved entitlement details
Initialize mono
Mono path[0] = 'C:/Program Files/Unity/Hub/Editor/2022.3.62f3c1/Editor/Data/Managed'
Mono path[1] = 'C:/Program Files/Unity/Hub/Editor/2022.3.62f3c1/Editor/Data/MonoBleedingEdge/lib/mono/unityjit-win32'
Mono config path = 'C:/Program Files/Unity/Hub/Editor/2022.3.62f3c1/Editor/Data/MonoBleedingEdge/etc'
Using monoOptions --debugger-agent=transport=dt_socket,embedding=1,server=y,suspend=n,address=127.0.0.1:56968
Using cacheserver namespaces - metadata:defaultmetadata, artifacts:defaultartifacts
Using cacheserver namespaces - metadata:defaultmetadata, artifacts:defaultartifacts
ImportWorker Server TCP listen port: 0
Begin MonoManager ReloadAssembly
Registering precompiled unity dll's ...
Register platform support module: C:/Program Files/Unity/Hub/Editor/2022.3.62f3c1/Editor/Data/PlaybackEngines/WindowsStandaloneSupport/UnityEditor.WindowsStandalone.Extensions.dll
Registered in 0.004362 seconds.
- Loaded All Assemblies, in  0.191 seconds
Native extension for WindowsStandalone target not found
Mono: successfully reloaded assembly
- Finished resetting the current domain, in  0.148 seconds
Domain Reload Profiling: 338ms
	BeginReloadAssembly (62ms)
		ExecutionOrderSort (0ms)
		DisableScriptedObjects (0ms)
		BackupInstance (0ms)
		ReleaseScriptingObjects (0ms)
		CreateAndSetChildDomain (1ms)
	RebuildCommonClasses (20ms)
	RebuildNativeTypeToScriptingClass (5ms)
	initialDomainReloadingComplete (31ms)
	LoadAllAssembliesAndSetupDomain (72ms)
		LoadAssemblies (61ms)
		RebuildTransferFunctionScriptingTraits (0ms)
		AnalyzeDomain (70ms)
			TypeCache.Refresh (69ms)
				TypeCache.ScanAssembly (62ms)
			ScanForSourceGeneratedMonoScriptInfo (0ms)
			ResolveRequiredComponents (0ms)
	FinalizeReload (148ms)
		ReleaseScriptCaches (0ms)
		RebuildScriptCaches (0ms)
		SetupLoadedEditorAssemblies (123ms)
			LogAssemblyErrors (0ms)
			InitializePlatformSupportModulesInManaged (6ms)
			SetLoadedEditorAssemblies (5ms)
			RefreshPlugins (0ms)
			BeforeProcessingInitializeOnLoad (1ms)
			ProcessInitializeOnLoadAttributes (79ms)
			ProcessInitializeOnLoadMethodAttributes (33ms)
			AfterProcessingInitializeOnLoad (0ms)
			EditorAssembliesLoaded (0ms)
		ExecutionOrderSort2 (0ms)
		AwakeInstancesAfterBackupRestoration (0ms)
[Licensing::Client] Successfully resolved entitlement details
Application.AssetDatabase Initial Refresh Start
A meta data file (.meta) exists but its folder 'Assets/Game/ColorTiming/Art/Camera' can't be found, and has been created. Empty directories cannot be stored in version control, so it's assumed that the meta data file is for an empty directory in version control. When moving or deleting folders outside of Unity, please ensure that the corresponding .meta file is moved or deleted along with it.
A meta data file (.meta) exists but its folder 'Assets/Game/ColorTiming/Art/Camera' can't be found, and has been created. Empty directories cannot be stored in version control, so it's assumed that the meta data file is for an empty directory in version control. When moving or deleting folders outside of Unity, please ensure that the corresponding .meta file is moved or deleted along with it.
[ScriptCompilation] Requested script compilation because: Assembly Definition File(s) changed
[ScriptCompilation] Requested script compilation because: Assetdatabase observed changes in script compilation related files
Duplicate assembly 'Mono.Cecil.Pdb.dll' with different versions detected, using 'Packages/com.handzlikchris.fastscriptreload/Plugins/Harmony/net48/Mono.Cecil.Pdb.dll, AssemblyName=Mono.Cecil.Pdb, Version=0.11.6.0, Culture=neutral, PublicKeyToken=50cebf1cceb9d05e' and ignoring 'Packages/com.unity.nuget.mono-cecil/Mono.Cecil.Pdb.dll, AssemblyName=Mono.Cecil.Pdb, Version=0.11.5.0, Culture=neutral, PublicKeyToken=50cebf1cceb9d05e'.Duplicate assembly 'System.Collections.Immutable.dll' with different versions detected, using 'Assets/Plugins/Protobuf/System.Collections.Immutable.dll, AssemblyName=System.Collections.Immutable, Version=7.0.0.0, Culture=neutral, PublicKeyToken=b03f5f7f11d50a3a' and ignoring 'Packages/com.handzlikchris.fastscriptreload/Plugins/Roslyn/2021+/System.Collections.Immutable.dll, AssemblyName=System.Collections.Immutable, Version=1.2.3.0, Culture=neutral, PublicKeyToken=b03f5f7f11d50a3a'.Duplicate assembly 'Mono.Cecil.Rocks.dll' with different versions detected, using 'Packages/com.handzlikchris.fastscriptreload/Plugins/Harmony/net48/Mono.Cecil.Rocks.dll, AssemblyName=Mono.Cecil.Rocks, Version=0.11.6.0, Culture=neutral, PublicKeyToken=50cebf1cceb9d05e' and ignoring 'Packages/com.unity.nuget.mono-cecil/Mono.Cecil.Rocks.dll, AssemblyName=Mono.Cecil.Rocks, Version=0.11.5.0, Culture=neutral, PublicKeyToken=50cebf1cceb9d05e'.Duplicate assembly 'Mono.Cecil.Mdb.dll' with different versions detected, using 'Packages/com.handzlikchris.fastscriptreload/Plugins/Harmony/net48/Mono.Cecil.Mdb.dll, AssemblyName=Mono.Cecil.Mdb, Version=0.11.6.0, Culture=neutral, PublicKeyToken=50cebf1cceb9d05e' and ignoring 'Packages/com.unity.nuget.mono-cecil/Mono.Cecil.Mdb.dll, AssemblyName=Mono.Cecil.Mdb, Version=0.11.5.0, Culture=neutral, PublicKeyToken=50cebf1cceb9d05e'.Duplicate assembly 'Mono.Cecil.dll' with different versions detected, using 'Packages/com.handzlikchris.fastscriptreload/Plugins/Harmony/net48/Mono.Cecil.dll, AssemblyName=Mono.Cecil, Version=0.11.6.0, Culture=neutral, PublicKeyToken=50cebf1cceb9d05e' and ignoring 'Packages/com.unity.nuget.mono-cecil/Mono.Cecil.dll, AssemblyName=Mono.Cecil, Version=0.11.5.0, Culture=neutral, PublicKeyToken=50cebf1cceb9d05e'.Assembly for Assembly Definition File 'Assets/Game/Tests/ColorTiming/EditMode/ColorTiming.EditMode.Tests.asmdef' will not be compiled, because it has no scripts associated with it.
UnityEngine.StackTraceUtility:ExtractStackTrace ()
UnityEngine.DebugLogHandler:LogFormat (UnityEngine.LogType,UnityEngine.Object,string,object[])
UnityEngine.Logger:LogFormat (UnityEngine.LogType,string,object[])
UnityEngine.Debug:LogWarningFormat (string,object[])
UnityEditor.Scripting.ScriptCompilation.EditorCompilation:WarnIfThereAreAssembliesWithoutAnyScripts (UnityEditor.Scripting.ScriptCompilation.ScriptAssemblySettings,UnityEditor.Scripting.ScriptCompilation.ScriptAssembly[])
UnityEditor.Scripting.ScriptCompilation.EditorCompilation:CompileScriptsWithSettings (UnityEditor.Scripting.ScriptCompilation.ScriptAssemblySettings)
UnityEditor.Scripting.ScriptCompilation.EditorCompilation:CompileScripts (UnityEditor.Scripting.ScriptCompilation.EditorScriptCompilationOptions,UnityEditor.BuildTargetGroup,UnityEditor.BuildTarget,int,string[])
UnityEditor.Scripting.ScriptCompilation.EditorCompilationInterface/<>c__DisplayClass21_0:<CompileScripts>b__0 ()
UnityEditor.Scripting.ScriptCompilation.EditorCompilationInterface:EmitExceptionAsError<UnityEditor.Scripting.ScriptCompilation.EditorCompilation/CompileStatus> (System.Func`1<UnityEditor.Scripting.ScriptCompilation.EditorCompilation/CompileStatus>,UnityEditor.Scripting.ScriptCompilation.EditorCompilation/CompileStatus)
UnityEditor.Scripting.ScriptCompilation.EditorCompilationInterface:CompileScripts (UnityEditor.Scripting.ScriptCompilation.EditorScriptCompilationOptions,UnityEditor.BuildTargetGroup,UnityEditor.BuildTarget,int,string[])

Assembly for Assembly Definition File 'Assets/Game/Tests/ColorTiming/PlayMode/ColorTiming.PlayMode.Tests.asmdef' will not be compiled, because it has no scripts associated with it.
UnityEngine.StackTraceUtility:ExtractStackTrace ()
UnityEngine.DebugLogHandler:LogFormat (UnityEngine.LogType,UnityEngine.Object,string,object[])
UnityEngine.Logger:LogFormat (UnityEngine.LogType,string,object[])
UnityEngine.Debug:LogWarningFormat (string,object[])
UnityEditor.Scripting.ScriptCompilation.EditorCompilation:WarnIfThereAreAssembliesWithoutAnyScripts (UnityEditor.Scripting.ScriptCompilation.ScriptAssemblySettings,UnityEditor.Scripting.ScriptCompilation.ScriptAssembly[])
UnityEditor.Scripting.ScriptCompilation.EditorCompilation:CompileScriptsWithSettings (UnityEditor.Scripting.ScriptCompilation.ScriptAssemblySettings)
UnityEditor.Scripting.ScriptCompilation.EditorCompilation:CompileScripts (UnityEditor.Scripting.ScriptCompilation.EditorScriptCompilationOptions,UnityEditor.BuildTargetGroup,UnityEditor.BuildTarget,int,string[])
UnityEditor.Scripting.ScriptCompilation.EditorCompilationInterface/<>c__DisplayClass21_0:<CompileScripts>b__0 ()
UnityEditor.Scripting.ScriptCompilation.EditorCompilationInterface:EmitExceptionAsError<UnityEditor.Scripting.ScriptCompilation.EditorCompilation/CompileStatus> (System.Func`1<UnityEditor.Scripting.ScriptCompilation.EditorCompilation/CompileStatus>,UnityEditor.Scripting.ScriptCompilation.EditorCompilation/CompileStatus)
UnityEditor.Scripting.ScriptCompilation.EditorCompilationInterface:CompileScripts (UnityEditor.Scripting.ScriptCompilation.EditorScriptCompilationOptions,UnityEditor.BuildTargetGroup,UnityEditor.BuildTarget,int,string[])

Starting: C:\Program Files\Unity\Hub\Editor\2022.3.62f3c1\Editor\Data\bee_backend.exe --ipc --defer-dag-verification --dagfile="Library/Bee/1900b0aEDbg.dag" --continue-on-failure --profile="Library/Bee/backend1.traceevents" ScriptAssemblies
WorkingDir: D:/unity/UnityProject/ColorTimeing/New/_ColorTiming
DisplayProgressbar: Compiling Scripts
ExitCode: 4 Duration: 0s216ms
Rebuilding DAG because FileSignature timestamp changed: Library/Bee/1900b0aEDbg-inputdata.json
[ 901/1193  0s] ILPP-Configuration Library/ilpp-configuration.nevergeneratedoutput
*** Tundra requires additional run (0.17 seconds), 1 items updated, 900 evaluated
Starting: C:\Program Files\Unity\Hub\Editor\2022.3.62f3c1\Editor\Data\Tools\netcorerun\netcorerun.exe "C:\Program Files\Unity\Hub\Editor\2022.3.62f3c1\Editor\Data\Tools\BuildPipeline\ScriptCompilationBuildProgram.exe" "Library/Bee/1900b0aEDbg.dag.json" "Library/Bee/1900b0aEDbg-inputdata.json" "Library\Bee\buildprogram0.traceevents"
WorkingDir: D:/unity/UnityProject/ColorTimeing/New/_ColorTiming
ExitCode: 0 Duration: 0s612ms
Starting: C:\Program Files\Unity\Hub\Editor\2022.3.62f3c1\Editor\Data\bee_backend.exe --ipc --defer-dag-verification --dagfile="Library/Bee/1900b0aEDbg.dag" --continue-on-failure --dagfilejson="Library\Bee\1900b0aEDbg.dag.json" --profile="Library/Bee/backend2.traceevents" ScriptAssemblies
WorkingDir: D:/unity/UnityProject/ColorTimeing/New/_ColorTiming
ExitCode: 3 Duration: 0s844ms
Finished compiling graph: 1217 nodes, 18795 flattened edges (14815 ToBuild, 214 ToUse), maximum node priority 1370
[ 620/1213  0s] WriteText Library/Bee/artifacts/1900b0aEDbg.dag/spine-unity.UnityAdditionalFile.txt
[ 621/1213  0s] WriteText Library/Bee/artifacts/1900b0aEDbg.dag/spine-unity.rsp2
[ 622/1213  0s] WriteResponseFile Library/Bee/artifacts/rsp/2449177723834512196.rsp
[ 623/1213  0s] WriteResponseFile Library/Bee/artifacts/rsp/16501089247226103938.rsp
[ 624/1213  0s] WriteText Library/Bee/artifacts/1900b0aEDbg.dag/spine-unity.dll.mvfrm.rsp
[ 625/1213  0s] WriteText Library/Bee/artifacts/1900b0aEDbg.dag/spine-unity.rsp
[ 626/1213  0s] WriteText Library/Bee/artifacts/1900b0aEDbg.dag/spine-unity-editor.dll.mvfrm.rsp
[ 627/1213  0s] WriteText Library/Bee/artifacts/1900b0aEDbg.dag/spine-unity-editor.rsp2
[ 631/1213  0s] WriteText Library/Bee/artifacts/1900b0aEDbg.dag/spine-unity-editor.UnityAdditionalFile.txt
[ 632/1213  0s] WriteText Library/Bee/artifacts/1900b0aEDbg.dag/Hotfix.rsp
[ 633/1213  0s] WriteText Library/Bee/artifacts/1900b0aEDbg.dag/spine-unity-editor.rsp
[ 908/1213  0s] ILPP-Configuration Library/ilpp-configuration.nevergeneratedoutput
[ 924/1213  0s] MovedFromExtractorCombine Library/Bee/artifacts/1900b0aEDbg.dag/spine-unity-editor.dll.mvfrm
[ 927/1213  0s] MovedFromExtractorCombine Library/Bee/artifacts/1900b0aEDbg.dag/spine-unity.dll.mvfrm
[1193/1213  0s] Csc Library/Bee/artifacts/1900b0aEDbg.dag/spine-unity.dll (+2 others)
[1194/1213  0s] ILPostProcess Library/Bee/artifacts/1900b0aEDbg.dag/post-processed/spine-unity.dll (+pdb)
Processing assembly Library/Bee/artifacts/1900b0aEDbg.dag/spine-unity.dll, with 121 defines and 242 references

processors: Unity.Jobs.CodeGen.JobsILPostProcessor, zzzUnity.Burst.CodeGen.BurstILPostProcessor

running Unity.Jobs.CodeGen.JobsILPostProcessor

running zzzUnity.Burst.CodeGen.BurstILPostProcessor
[1195/1213  0s] CopyFiles Library/ScriptAssemblies/spine-unity.dll
[1196/1213  0s] CopyFiles Library/ScriptAssemblies/spine-unity.pdb
[1197/1213  0s] Csc Library/Bee/artifacts/1900b0aEDbg.dag/spine-unity-editor.dll (+2 others)
Assets\Plugins\Spine\Editor\spine-unity\Editor\Asset Types\SpineAtlasAssetInspector.cs(319,22): warning CS0618: 'TextureImporter.spritesheet' is obsolete: 'Support for accessing sprite meta data through spritesheet has been removed. Please use the UnityEditor.U2D.Sprites.ISpriteEditorDataProvider interface instead.'

Assets\Plugins\Spine\Editor\spine-unity\Editor\Asset Types\SpineAtlasAssetInspector.cs(375,4): warning CS0618: 'TextureImporter.spritesheet' is obsolete: 'Support for accessing sprite meta data through spritesheet has been removed. Please use the UnityEditor.U2D.Sprites.ISpriteEditorDataProvider interface instead.'
[1198/1213  0s] ILPostProcess Library/Bee/artifacts/1900b0aEDbg.dag/post-processed/spine-unity-editor.dll (+pdb)
Processing assembly Library/Bee/artifacts/1900b0aEDbg.dag/spine-unity-editor.dll, with 119 defines and 250 references

processors: Unity.Jobs.CodeGen.JobsILPostProcessor, zzzUnity.Burst.CodeGen.BurstILPostProcessor

running Unity.Jobs.CodeGen.JobsILPostProcessor

running zzzUnity.Burst.CodeGen.BurstILPostProcessor
[1199/1213  0s] CopyFiles Library/ScriptAssemblies/spine-unity-editor.pdb
[1200/1213  0s] CopyFiles Library/ScriptAssemblies/spine-unity-editor.dll
[1201/1213  0s] Csc Library/Bee/artifacts/1900b0aEDbg.dag/Hotfix.dll (+2 others)
##### CommandLine
"C:\Program Files\Unity\Hub\Editor\2022.3.62f3c1\Editor\Data\NetCoreRuntime\dotnet.exe" exec "C:/Program Files/Unity/Hub/Editor/2022.3.62f3c1/Editor/Data/DotNetSdkRoslyn/csc.dll" /nostdlib /noconfig /shared "@Library/Bee/artifacts/1900b0aEDbg.dag/Hotfix.rsp" "@Library/Bee/artifacts/1900b0aEDbg.dag/Hotfix.rsp2"
##### Contents of Library\Bee\artifacts\1900b0aEDbg.dag\Hotfix.rsp
-target:library
-out:"Library/Bee/artifacts/1900b0aEDbg.dag/Hotfix.dll"
-refout:"Library/Bee/artifacts/1900b0aEDbg.dag/Hotfix.ref.dll"
-define:UNITY_2022_3_62
-define:UNITY_2022_3
-define:UNITY_2022
-define:UNITY_5_3_OR_NEWER
-define:UNITY_5_4_OR_NEWER
-define:UNITY_5_5_OR_NEWER
-define:UNITY_5_6_OR_NEWER
-define:UNITY_2017_1_OR_NEWER
-define:UNITY_2017_2_OR_NEWER
-define:UNITY_2017_3_OR_NEWER
-define:UNITY_2017_4_OR_NEWER
-define:UNITY_2018_1_OR_NEWER
-define:UNITY_2018_2_OR_NEWER
-define:UNITY_2018_3_OR_NEWER
-define:UNITY_2018_4_OR_NEWER
-define:UNITY_2019_1_OR_NEWER
-define:UNITY_2019_2_OR_NEWER
-define:UNITY_2019_3_OR_NEWER
-define:UNITY_2019_4_OR_NEWER
-define:UNITY_2020_1_OR_NEWER
-define:UNITY_2020_2_OR_NEWER
-define:UNITY_2020_3_OR_NEWER
-define:UNITY_2021_1_OR_NEWER
-define:UNITY_2021_2_OR_NEWER
-define:UNITY_2021_3_OR_NEWER
-define:UNITY_2022_1_OR_NEWER
-define:UNITY_2022_2_OR_NEWER
-define:UNITY_2022_3_OR_NEWER
-define:PLATFORM_ARCH_64
-define:UNITY_64
-define:UNITY_INCLUDE_TESTS
-define:ENABLE_AR
-define:ENABLE_AUDIO
-define:ENABLE_CACHING
-define:ENABLE_CLOTH
-define:ENABLE_EVENT_QUEUE
-define:ENABLE_MICROPHONE
-define:ENABLE_MULTIPLE_DISPLAYS
-define:ENABLE_PHYSICS
-define:ENABLE_TEXTURE_STREAMING
-define:ENABLE_VIRTUALTEXTURING
-define:ENABLE_LZMA
-define:ENABLE_UNITYEVENTS
-define:ENABLE_VR
-define:ENABLE_WEBCAM
-define:ENABLE_UNITYWEBREQUEST
-define:ENABLE_WWW
-define:ENABLE_CLOUD_SERVICES
-define:ENABLE_CLOUD_SERVICES_ADS
-define:ENABLE_CLOUD_SERVICES_USE_WEBREQUEST
-define:ENABLE_CLOUD_SERVICES_CRASH_REPORTING
-define:ENABLE_CLOUD_SERVICES_PURCHASING
-define:ENABLE_CLOUD_SERVICES_ANALYTICS
-define:ENABLE_CLOUD_SERVICES_BUILD
-define:ENABLE_EDITOR_GAME_SERVICES
-define:ENABLE_UNITY_GAME_SERVICES_ANALYTICS_SUPPORT
-define:ENABLE_CLOUD_LICENSE
-define:ENABLE_EDITOR_HUB_LICENSE
-define:ENABLE_WEBSOCKET_CLIENT
-define:ENABLE_GENERATE_NATIVE_PLUGINS_FOR_ASSEMBLIES_API
-define:ENABLE_DIRECTOR_AUDIO
-define:ENABLE_DIRECTOR_TEXTURE
-define:ENABLE_MANAGED_JOBS
-define:ENABLE_MANAGED_TRANSFORM_JOBS
-define:ENABLE_MANAGED_ANIMATION_JOBS
-define:ENABLE_MANAGED_AUDIO_JOBS
-define:ENABLE_MANAGED_UNITYTLS
-define:INCLUDE_DYNAMIC_GI
-define:ENABLE_SCRIPTING_GC_WBARRIERS
-define:PLATFORM_SUPPORTS_MONO
-define:RENDER_SOFTWARE_CURSOR
-define:ENABLE_VIDEO
-define:ENABLE_ACCELERATOR_CLIENT_DEBUGGING
-define:ENABLE_NAVIGATION_PACKAGE_DEBUG_VISUALIZATION
-define:ENABLE_NAVIGATION_HEIGHTMESH_RUNTIME_SUPPORT
-define:ENABLE_NAVIGATION_UI_REQUIRES_PACKAGE
-define:PLATFORM_STANDALONE
-define:TEXTCORE_1_0_OR_NEWER
-define:PLATFORM_STANDALONE_WIN
-define:UNITY_STANDALONE_WIN
-define:UNITY_STANDALONE
-define:UNITY_UGP_API
-define:ENABLE_RUNTIME_GI
-define:ENABLE_MOVIES
-define:ENABLE_NETWORK
-define:ENABLE_NVIDIA
-define:ENABLE_CRUNCH_TEXTURE_COMPRESSION
-define:ENABLE_OUT_OF_PROCESS_CRASH_HANDLER
-define:ENABLE_CLUSTER_SYNC
-define:ENABLE_CLUSTERINPUT
-define:PLATFORM_UPDATES_TIME_OUTSIDE_OF_PLAYER_LOOP
-define:GFXDEVICE_WAITFOREVENT_MESSAGEPUMP
-define:PLATFORM_INITIALIZES_MEMORY_MANAGER_EXPLICITLY
-define:ENABLE_MONO
-define:NET_STANDARD_2_0
-define:NET_STANDARD
-define:NET_STANDARD_2_1
-define:NETSTANDARD
-define:NETSTANDARD2_1
-define:ENABLE_PROFILER
-define:DEBUG
-define:TRACE
-define:UNITY_ASSERTIONS
-define:UNITY_EDITOR
-define:UNITY_EDITOR_64
-define:UNITY_EDITOR_WIN
-define:ENABLE_UNITY_COLLECTIONS_CHECKS
-define:ENABLE_BURST_AOT
-define:UNITY_TEAM_LICENSE
-define:ENABLE_CUSTOM_RENDER_TEXTURE
-define:ENABLE_DIRECTOR
-define:ENABLE_LOCALIZATION
-define:ENABLE_SPRITES
-define:ENABLE_TERRAIN
-define:ENABLE_TILEMAP
-define:ENABLE_TIMELINE
-define:ENABLE_LEGACY_INPUT_MANAGER
-define:TEXTCORE_FONT_ENGINE_1_5_OR_NEWER
-define:DOTWEEN
-define:CSHARP_7_OR_LATER
-define:CSHARP_7_3_OR_NEWER
-r:"Assets/Plugins/DOTween/DOTween.dll"
-r:"Assets/Plugins/DOTween/Editor/DOTweenEditor.dll"
-r:"Assets/Plugins/ForEditor/CompressImageLibs/Microsoft.Bcl.AsyncInterfaces.dll"
-r:"Assets/Plugins/ForEditor/CompressImageLibs/SixLabors.ImageSharp.dll"
-r:"Assets/Plugins/ForEditor/CompressImageLibs/System.Text.Encodings.Web.dll"
-r:"Assets/Plugins/ForEditor/CompressImageLibs/System.Text.Json.dll"
-r:"Assets/Plugins/ForEditor/CompressImageLibs/Tinify.dll"
-r:"Assets/Plugins/ForEditor/EPPlus.6.2/EPPlus.dll"
-r:"Assets/Plugins/ForEditor/EPPlus.6.2/EPPlus.Interfaces.dll"
-r:"Assets/Plugins/ForEditor/EPPlus.6.2/EPPlus.System.Drawing.dll"
-r:"Assets/Plugins/ForEditor/EPPlus.6.2/Microsoft.IO.RecyclableMemoryStream.dll"
-r:"Assets/Plugins/Protobuf/protobuf-net.Core.dll"
-r:"Assets/Plugins/Protobuf/protobuf-net.dll"
-r:"Assets/Plugins/Protobuf/System.Collections.Immutable.dll"
-r:"Assets/Plugins/UnityGameFramework/Libraries/ICSharpCode.SharpZipLib.dll"
-r:"Assets/Plugins/ZString/System.Runtime.CompilerServices.Unsafe.dll"
-r:"C:/Program Files/Unity/Hub/Editor/2022.3.62f3c1/Editor/Data/Managed/UnityEditor.Graphs.dll"
-r:"C:/Program Files/Unity/Hub/Editor/2022.3.62f3c1/Editor/Data/Managed/UnityEngine/UnityEditor.CoreModule.dll"
-r:"C:/Program Files/Unity/Hub/Editor/2022.3.62f3c1/Editor/Data/Managed/UnityEngine/UnityEditor.DeviceSimulatorModule.dll"
-r:"C:/Program Files/Unity/Hub/Editor/2022.3.62f3c1/Editor/Data/Managed/UnityEngine/UnityEditor.DiagnosticsModule.dll"
-r:"C:/Program Files/Unity/Hub/Editor/2022.3.62f3c1/Editor/Data/Managed/UnityEngine/UnityEditor.dll"
-r:"C:/Program Files/Unity/Hub/Editor/2022.3.62f3c1/Editor/Data/Managed/UnityEngine/UnityEditor.EditorToolbarModule.dll"
-r:"C:/Program Files/Unity/Hub/Editor/2022.3.62f3c1/Editor/Data/Managed/UnityEngine/UnityEditor.GraphViewModule.dll"
-r:"C:/Program Files/Unity/Hub/Editor/2022.3.62f3c1/Editor/Data/Managed/UnityEngine/UnityEditor.PresetsUIModule.dll"
-r:"C:/Program Files/Unity/Hub/Editor/2022.3.62f3c1/Editor/Data/Managed/UnityEngine/UnityEditor.QuickSearchModule.dll"
-r:"C:/Program Files/Unity/Hub/Editor/2022.3.62f3c1/Editor/Data/Managed/UnityEngine/UnityEditor.SceneTemplateModule.dll"
-r:"C:/Program Files/Unity/Hub/Editor/2022.3.62f3c1/Editor/Data/Managed/UnityEngine/UnityEditor.SceneViewModule.dll"
-r:"C:/Program Files/Unity/Hub/Editor/2022.3.62f3c1/Editor/Data/Managed/UnityEngine/UnityEditor.TextCoreFontEngineModule.dll"
-r:"C:/Program Files/Unity/Hub/Editor/2022.3.62f3c1/Editor/Data/Managed/UnityEngine/UnityEditor.TextCoreTextEngineModule.dll"
-r:"C:/Program Files/Unity/Hub/Editor/2022.3.62f3c1/Editor/Data/Managed/UnityEngine/UnityEditor.UIBuilderModule.dll"
-r:"C:/Program Files/Unity/Hub/Editor/2022.3.62f3c1/Editor/Data/Managed/UnityEngine/UnityEditor.UIElementsModule.dll"
-r:"C:/Program Files/Unity/Hub/Editor/2022.3.62f3c1/Editor/Data/Managed/UnityEngine/UnityEditor.UIElementsSamplesModule.dll"
-r:"C:/Program Files/Unity/Hub/Editor/2022.3.62f3c1/Editor/Data/Managed/UnityEngine/UnityEditor.UnityConnectModule.dll"
-r:"C:/Program Files/Unity/Hub/Editor/2022.3.62f3c1/Editor/Data/Managed/UnityEngine/UnityEngine.AccessibilityModule.dll"
-r:"C:/Program Files/Unity/Hub/Editor/2022.3.62f3c1/Editor/Data/Managed/UnityEngine/UnityEngine.AIModule.dll"
-r:"C:/Program Files/Unity/Hub/Editor/2022.3.62f3c1/Editor/Data/Managed/UnityEngine/UnityEngine.AndroidJNIModule.dll"
-r:"C:/Program Files/Unity/Hub/Editor/2022.3.62f3c1/Editor/Data/Managed/UnityEngine/UnityEngine.AnimationModule.dll"
-r:"C:/Program Files/Unity/Hub/Editor/2022.3.62f3c1/Editor/Data/Managed/UnityEngine/UnityEngine.ARModule.dll"
-r:"C:/Program Files/Unity/Hub/Editor/2022.3.62f3c1/Editor/Data/Managed/UnityEngine/UnityEngine.AssetBundleModule.dll"
-r:"C:/Program Files/Unity/Hub/Editor/2022.3.62f3c1/Editor/Data/Managed/UnityEngine/UnityEngine.AudioModule.dll"
-r:"C:/Program Files/Unity/Hub/Editor/2022.3.62f3c1/Editor/Data/Managed/UnityEngine/UnityEngine.ClothModule.dll"
-r:"C:/Program Files/Unity/Hub/Editor/2022.3.62f3c1/Editor/Data/Managed/UnityEngine/UnityEngine.ClusterInputModule.dll"
-r:"C:/Program Files/Unity/Hub/Editor/2022.3.62f3c1/Editor/Data/Managed/UnityEngine/UnityEngine.ClusterRendererModule.dll"
-r:"C:/Program Files/Unity/Hub/Editor/2022.3.62f3c1/Editor/Data/Managed/UnityEngine/UnityEngine.ContentLoadModule.dll"
-r:"C:/Program Files/Unity/Hub/Editor/2022.3.62f3c1/Editor/Data/Managed/UnityEngine/UnityEngine.CoreModule.dll"
-r:"C:/Program Files/Unity/Hub/Editor/2022.3.62f3c1/Editor/Data/Managed/UnityEngine/UnityEngine.CrashReportingModule.dll"
-r:"C:/Program Files/Unity/Hub/Editor/2022.3.62f3c1/Editor/Data/Managed/UnityEngine/UnityEngine.DirectorModule.dll"
-r:"C:/Program Files/Unity/Hub/Editor/2022.3.62f3c1/Editor/Data/Managed/UnityEngine/UnityEngine.dll"
-r:"C:/Program Files/Unity/Hub/Editor/2022.3.62f3c1/Editor/Data/Managed/UnityEngine/UnityEngine.DSPGraphModule.dll"
-r:"C:/Program Files/Unity/Hub/Editor/2022.3.62f3c1/Editor/Data/Managed/UnityEngine/UnityEngine.GameCenterModule.dll"
-r:"C:/Program Files/Unity/Hub/Editor/2022.3.62f3c1/Editor/Data/Managed/UnityEngine/UnityEngine.GIModule.dll"
-r:"C:/Program Files/Unity/Hub/Editor/2022.3.62f3c1/Editor/Data/Managed/UnityEngine/UnityEngine.GridModule.dll"
-r:"C:/Program Files/Unity/Hub/Editor/2022.3.62f3c1/Editor/Data/Managed/UnityEngine/UnityEngine.HotReloadModule.dll"
-r:"C:/Program Files/Unity/Hub/Editor/2022.3.62f3c1/Editor/Data/Managed/UnityEngine/UnityEngine.ImageConversionModule.dll"
-r:"C:/Program Files/Unity/Hub/Editor/2022.3.62f3c1/Editor/Data/Managed/UnityEngine/UnityEngine.IMGUIModule.dll"
-r:"C:/Program Files/Unity/Hub/Editor/2022.3.62f3c1/Editor/Data/Managed/UnityEngine/UnityEngine.InputLegacyModule.dll"
-r:"C:/Program Files/Unity/Hub/Editor/2022.3.62f3c1/Editor/Data/Managed/UnityEngine/UnityEngine.InputModule.dll"
-r:"C:/Program Files/Unity/Hub/Editor/2022.3.62f3c1/Editor/Data/Managed/UnityEngine/UnityEngine.JSONSerializeModule.dll"
-r:"C:/Program Files/Unity/Hub/Editor/2022.3.62f3c1/Editor/Data/Managed/UnityEngine/UnityEngine.LocalizationModule.dll"
-r:"C:/Program Files/Unity/Hub/Editor/2022.3.62f3c1/Editor/Data/Managed/UnityEngine/UnityEngine.ParticleSystemModule.dll"
-r:"C:/Program Files/Unity/Hub/Editor/2022.3.62f3c1/Editor/Data/Managed/UnityEngine/UnityEngine.PerformanceReportingModule.dll"
-r:"C:/Program Files/Unity/Hub/Editor/2022.3.62f3c1/Editor/Data/Managed/UnityEngine/UnityEngine.Physics2DModule.dll"
-r:"C:/Program Files/Unity/Hub/Editor/2022.3.62f3c1/Editor/Data/Managed/UnityEngine/UnityEngine.PhysicsModule.dll"
-r:"C:/Program Files/Unity/Hub/Editor/2022.3.62f3c1/Editor/Data/Managed/UnityEngine/UnityEngine.ProfilerModule.dll"
-r:"C:/Program Files/Unity/Hub/Editor/2022.3.62f3c1/Editor/Data/Managed/UnityEngine/UnityEngine.PropertiesModule.dll"
-r:"C:/Program Files/Unity/Hub/Editor/2022.3.62f3c1/Editor/Data/Managed/UnityEngine/UnityEngine.RuntimeInitializeOnLoadManagerInitializerModule.dll"
-r:"C:/Program Files/Unity/Hub/Editor/2022.3.62f3c1/Editor/Data/Managed/UnityEngine/UnityEngine.ScreenCaptureModule.dll"
-r:"C:/Program Files/Unity/Hub/Editor/2022.3.62f3c1/Editor/Data/Managed/UnityEngine/UnityEngine.SharedInternalsModule.dll"
-r:"C:/Program Files/Unity/Hub/Editor/2022.3.62f3c1/Editor/Data/Managed/UnityEngine/UnityEngine.SpriteMaskModule.dll"
-r:"C:/Program Files/Unity/Hub/Editor/2022.3.62f3c1/Editor/Data/Managed/UnityEngine/UnityEngine.SpriteShapeModule.dll"
-r:"C:/Program Files/Unity/Hub/Editor/2022.3.62f3c1/Editor/Data/Managed/UnityEngine/UnityEngine.StreamingModule.dll"
-r:"C:/Program Files/Unity/Hub/Editor/2022.3.62f3c1/Editor/Data/Managed/UnityEngine/UnityEngine.SubstanceModule.dll"
-r:"C:/Program Files/Unity/Hub/Editor/2022.3.62f3c1/Editor/Data/Managed/UnityEngine/UnityEngine.SubsystemsModule.dll"
-r:"C:/Program Files/Unity/Hub/Editor/2022.3.62f3c1/Editor/Data/Managed/UnityEngine/UnityEngine.TerrainModule.dll"
-r:"C:/Program Files/Unity/Hub/Editor/2022.3.62f3c1/Editor/Data/Managed/UnityEngine/UnityEngine.TerrainPhysicsModule.dll"
-r:"C:/Program Files/Unity/Hub/Editor/2022.3.62f3c1/Editor/Data/Managed/UnityEngine/UnityEngine.TextCoreFontEngineModule.dll"
-r:"C:/Program Files/Unity/Hub/Editor/2022.3.62f3c1/Editor/Data/Managed/UnityEngine/UnityEngine.TextCoreTextEngineModule.dll"
-r:"C:/Program Files/Unity/Hub/Editor/2022.3.62f3c1/Editor/Data/Managed/UnityEngine/UnityEngine.TextRenderingModule.dll"
-r:"C:/Program Files/Unity/Hub/Editor/2022.3.62f3c1/Editor/Data/Managed/UnityEngine/UnityEngine.TilemapModule.dll"
-r:"C:/Program Files/Unity/Hub/Editor/2022.3.62f3c1/Editor/Data/Managed/UnityEngine/UnityEngine.TLSModule.dll"
-r:"C:/Program Files/Unity/Hub/Editor/2022.3.62f3c1/Editor/Data/Managed/UnityEngine/UnityEngine.UIElementsModule.dll"
-r:"C:/Program Files/Unity/Hub/Editor/2022.3.62f3c1/Editor/Data/Managed/UnityEngine/UnityEngine.UIModule.dll"
-r:"C:/Program Files/Unity/Hub/Editor/2022.3.62f3c1/Editor/Data/Managed/UnityEngine/UnityEngine.UmbraModule.dll"
-r:"C:/Program Files/Unity/Hub/Editor/2022.3.62f3c1/Editor/Data/Managed/UnityEngine/UnityEngine.UnityAnalyticsCommonModule.dll"
-r:"C:/Program Files/Unity/Hub/Editor/2022.3.62f3c1/Editor/Data/Managed/UnityEngine/UnityEngine.UnityAnalyticsModule.dll"
-r:"C:/Program Files/Unity/Hub/Editor/2022.3.62f3c1/Editor/Data/Managed/UnityEngine/UnityEngine.UnityConnectModule.dll"
-r:"C:/Program Files/Unity/Hub/Editor/2022.3.62f3c1/Editor/Data/Managed/UnityEngine/UnityEngine.UnityCurlModule.dll"
-r:"C:/Program Files/Unity/Hub/Editor/2022.3.62f3c1/Editor/Data/Managed/UnityEngine/UnityEngine.UnityTestProtocolModule.dll"
-r:"C:/Program Files/Unity/Hub/Editor/2022.3.62f3c1/Editor/Data/Managed/UnityEngine/UnityEngine.UnityWebRequestAssetBundleModule.dll"
-r:"C:/Program Files/Unity/Hub/Editor/2022.3.62f3c1/Editor/Data/Managed/UnityEngine/UnityEngine.UnityWebRequestAudioModule.dll"
-r:"C:/Program Files/Unity/Hub/Editor/2022.3.62f3c1/Editor/Data/Managed/UnityEngine/UnityEngine.UnityWebRequestModule.dll"
-r:"C:/Program Files/Unity/Hub/Editor/2022.3.62f3c1/Editor/Data/Managed/UnityEngine/UnityEngine.UnityWebRequestTextureModule.dll"
-r:"C:/Program Files/Unity/Hub/Editor/2022.3.62f3c1/Editor/Data/Managed/UnityEngine/UnityEngine.UnityWebRequestWWWModule.dll"
-r:"C:/Program Files/Unity/Hub/Editor/2022.3.62f3c1/Editor/Data/Managed/UnityEngine/UnityEngine.VehiclesModule.dll"
-r:"C:/Program Files/Unity/Hub/Editor/2022.3.62f3c1/Editor/Data/Managed/UnityEngine/UnityEngine.VFXModule.dll"
-r:"C:/Program Files/Unity/Hub/Editor/2022.3.62f3c1/Editor/Data/Managed/UnityEngine/UnityEngine.VideoModule.dll"
-r:"C:/Program Files/Unity/Hub/Editor/2022.3.62f3c1/Editor/Data/Managed/UnityEngine/UnityEngine.VirtualTexturingModule.dll"
-r:"C:/Program Files/Unity/Hub/Editor/2022.3.62f3c1/Editor/Data/Managed/UnityEngine/UnityEngine.VRModule.dll"
-r:"C:/Program Files/Unity/Hub/Editor/2022.3.62f3c1/Editor/Data/Managed/UnityEngine/UnityEngine.WindModule.dll"
-r:"C:/Program Files/Unity/Hub/Editor/2022.3.62f3c1/Editor/Data/Managed/UnityEngine/UnityEngine.XRModule.dll"
-r:"C:/Program Files/Unity/Hub/Editor/2022.3.62f3c1/Editor/Data/NetStandard/compat/2.1.0/shims/netfx/mscorlib.dll"
-r:"C:/Program Files/Unity/Hub/Editor/2022.3.62f3c1/Editor/Data/NetStandard/compat/2.1.0/shims/netfx/System.ComponentModel.Composition.dll"
-r:"C:/Program Files/Unity/Hub/Editor/2022.3.62f3c1/Editor/Data/NetStandard/compat/2.1.0/shims/netfx/System.Core.dll"
-r:"C:/Program Files/Unity/Hub/Editor/2022.3.62f3c1/Editor/Data/NetStandard/compat/2.1.0/shims/netfx/System.Data.dll"
-r:"C:/Program Files/Unity/Hub/Editor/2022.3.62f3c1/Editor/Data/NetStandard/compat/2.1.0/shims/netfx/System.dll"
-r:"C:/Program Files/Unity/Hub/Editor/2022.3.62f3c1/Editor/Data/NetStandard/compat/2.1.0/shims/netfx/System.Drawing.dll"
-r:"C:/Program Files/Unity/Hub/Editor/2022.3.62f3c1/Editor/Data/NetStandard/compat/2.1.0/shims/netfx/System.IO.Compression.FileSystem.dll"
-r:"C:/Program Files/Unity/Hub/Editor/2022.3.62f3c1/Editor/Data/NetStandard/compat/2.1.0/shims/netfx/System.Net.dll"
-r:"C:/Program Files/Unity/Hub/Editor/2022.3.62f3c1/Editor/Data/NetStandard/compat/2.1.0/shims/netfx/System.Numerics.dll"
-r:"C:/Program Files/Unity/Hub/Editor/2022.3.62f3c1/Editor/Data/NetStandard/compat/2.1.0/shims/netfx/System.Runtime.Serialization.dll"
-r:"C:/Program Files/Unity/Hub/Editor/2022.3.62f3c1/Editor/Data/NetStandard/compat/2.1.0/shims/netfx/System.ServiceModel.Web.dll"
-r:"C:/Program Files/Unity/Hub/Editor/2022.3.62f3c1/Editor/Data/NetStandard/compat/2.1.0/shims/netfx/System.Transactions.dll"
-r:"C:/Program Files/Unity/Hub/Editor/2022.3.62f3c1/Editor/Data/NetStandard/compat/2.1.0/shims/netfx/System.Web.dll"
-r:"C:/Program Files/Unity/Hub/Editor/2022.3.62f3c1/Editor/Data/NetStandard/compat/2.1.0/shims/netfx/System.Windows.dll"
-r:"C:/Program Files/Unity/Hub/Editor/2022.3.62f3c1/Editor/Data/NetStandard/compat/2.1.0/shims/netfx/System.Xml.dll"
-r:"C:/Program Files/Unity/Hub/Editor/2022.3.62f3c1/Editor/Data/NetStandard/compat/2.1.0/shims/netfx/System.Xml.Linq.dll"
-r:"C:/Program Files/Unity/Hub/Editor/2022.3.62f3c1/Editor/Data/NetStandard/compat/2.1.0/shims/netfx/System.Xml.Serialization.dll"
-r:"C:/Program Files/Unity/Hub/Editor/2022.3.62f3c1/Editor/Data/NetStandard/compat/2.1.0/shims/netstandard/Microsoft.Win32.Primitives.dll"
-r:"C:/Program Files/Unity/Hub/Editor/2022.3.62f3c1/Editor/Data/NetStandard/compat/2.1.0/shims/netstandard/System.AppContext.dll"
-r:"C:/Program Files/Unity/Hub/Editor/2022.3.62f3c1/Editor/Data/NetStandard/compat/2.1.0/shims/netstandard/System.Buffers.dll"
-r:"C:/Program Files/Unity/Hub/Editor/2022.3.62f3c1/Editor/Data/NetStandard/compat/2.1.0/shims/netstandard/System.Collections.Concurrent.dll"
-r:"C:/Program Files/Unity/Hub/Editor/2022.3.62f3c1/Editor/Data/NetStandard/compat/2.1.0/shims/netstandard/System.Collections.dll"
-r:"C:/Program Files/Unity/Hub/Editor/2022.3.62f3c1/Editor/Data/NetStandard/compat/2.1.0/shims/netstandard/System.Collections.NonGeneric.dll"
-r:"C:/Program Files/Unity/Hub/Editor/2022.3.62f3c1/Editor/Data/NetStandard/compat/2.1.0/shims/netstandard/System.Collections.Specialized.dll"
-r:"C:/Program Files/Unity/Hub/Editor/2022.3.62f3c1/Editor/Data/NetStandard/compat/2.1.0/shims/netstandard/System.ComponentModel.dll"
-r:"C:/Program Files/Unity/Hub/Editor/2022.3.62f3c1/Editor/Data/NetStandard/compat/2.1.0/shims/netstandard/System.ComponentModel.EventBasedAsync.dll"
-r:"C:/Program Files/Unity/Hub/Editor/2022.3.62f3c1/Editor/Data/NetStandard/compat/2.1.0/shims/netstandard/System.ComponentModel.Primitives.dll"
-r:"C:/Program Files/Unity/Hub/Editor/2022.3.62f3c1/Editor/Data/NetStandard/compat/2.1.0/shims/netstandard/System.ComponentModel.TypeConverter.dll"
-r:"C:/Program Files/Unity/Hub/Editor/2022.3.62f3c1/Editor/Data/NetStandard/compat/2.1.0/shims/netstandard/System.Console.dll"
-r:"C:/Program Files/Unity/Hub/Editor/2022.3.62f3c1/Editor/Data/NetStandard/compat/2.1.0/shims/netstandard/System.Data.Common.dll"
-r:"C:/Program Files/Unity/Hub/Editor/2022.3.62f3c1/Editor/Data/NetStandard/compat/2.1.0/shims/netstandard/System.Diagnostics.Contracts.dll"
-r:"C:/Program Files/Unity/Hub/Editor/2022.3.62f3c1/Editor/Data/NetStandard/compat/2.1.0/shims/netstandard/System.Diagnostics.Debug.dll"
-r:"C:/Program Files/Unity/Hub/Editor/2022.3.62f3c1/Editor/Data/NetStandard/compat/2.1.0/shims/netstandard/System.Diagnostics.FileVersionInfo.dll"
-r:"C:/Program Files/Unity/Hub/Editor/2022.3.62f3c1/Editor/Data/NetStandard/compat/2.1.0/shims/netstandard/System.Diagnostics.Process.dll"
-r:"C:/Program Files/Unity/Hub/Editor/2022.3.62f3c1/Editor/Data/NetStandard/compat/2.1.0/shims/netstandard/System.Diagnostics.StackTrace.dll"
-r:"C:/Program Files/Unity/Hub/Editor/2022.3.62f3c1/Editor/Data/NetStandard/compat/2.1.0/shims/netstandard/System.Diagnostics.TextWriterTraceListener.dll"
-r:"C:/Program Files/Unity/Hub/Editor/2022.3.62f3c1/Editor/Data/NetStandard/compat/2.1.0/shims/netstandard/System.Diagnostics.Tools.dll"
-r:"C:/Program Files/Unity/Hub/Editor/2022.3.62f3c1/Editor/Data/NetStandard/compat/2.1.0/shims/netstandard/System.Diagnostics.TraceSource.dll"
-r:"C:/Program Files/Unity/Hub/Editor/2022.3.62f3c1/Editor/Data/NetStandard/compat/2.1.0/shims/netstandard/System.Diagnostics.Tracing.dll"
-r:"C:/Program Files/Unity/Hub/Editor/2022.3.62f3c1/Editor/Data/NetStandard/compat/2.1.0/shims/netstandard/System.Drawing.Primitives.dll"
-r:"C:/Program Files/Unity/Hub/Editor/2022.3.62f3c1/Editor/Data/NetStandard/compat/2.1.0/shims/netstandard/System.Dynamic.Runtime.dll"
-r:"C:/Program Files/Unity/Hub/Editor/2022.3.62f3c1/Editor/Data/NetStandard/compat/2.1.0/shims/netstandard/System.Globalization.Calendars.dll"
-r:"C:/Program Files/Unity/Hub/Editor/2022.3.62f3c1/Editor/Data/NetStandard/compat/2.1.0/shims/netstandard/System.Globalization.dll"
-r:"C:/Program Files/Unity/Hub/Editor/2022.3.62f3c1/Editor/Data/NetStandard/compat/2.1.0/shims/netstandard/System.Globalization.Extensions.dll"
-r:"C:/Program Files/Unity/Hub/Editor/2022.3.62f3c1/Editor/Data/NetStandard/compat/2.1.0/shims/netstandard/System.IO.Compression.dll"
-r:"C:/Program Files/Unity/Hub/Editor/2022.3.62f3c1/Editor/Data/NetStandard/compat/2.1.0/shims/netstandard/System.IO.Compression.ZipFile.dll"
-r:"C:/Program Files/Unity/Hub/Editor/2022.3.62f3c1/Editor/Data/NetStandard/compat/2.1.0/shims/netstandard/System.IO.dll"
-r:"C:/Program Files/Unity/Hub/Editor/2022.3.62f3c1/Editor/Data/NetStandard/compat/2.1.0/shims/netstandard/System.IO.FileSystem.dll"
-r:"C:/Program Files/Unity/Hub/Editor/2022.3.62f3c1/Editor/Data/NetStandard/compat/2.1.0/shims/netstandard/System.IO.FileSystem.DriveInfo.dll"
-r:"C:/Program Files/Unity/Hub/Editor/2022.3.62f3c1/Editor/Data/NetStandard/compat/2.1.0/shims/netstandard/System.IO.FileSystem.Primitives.dll"
-r:"C:/Program Files/Unity/Hub/Editor/2022.3.62f3c1/Editor/Data/NetStandard/compat/2.1.0/shims/netstandard/System.IO.FileSystem.Watcher.dll"
-r:"C:/Program Files/Unity/Hub/Editor/2022.3.62f3c1/Editor/Data/NetStandard/compat/2.1.0/shims/netstandard/System.IO.IsolatedStorage.dll"
-r:"C:/Program Files/Unity/Hub/Editor/2022.3.62f3c1/Editor/Data/NetStandard/compat/2.1.0/shims/netstandard/System.IO.MemoryMappedFiles.dll"
-r:"C:/Program Files/Unity/Hub/Editor/2022.3.62f3c1/Editor/Data/NetStandard/compat/2.1.0/shims/netstandard/System.IO.Pipes.dll"
-r:"C:/Program Files/Unity/Hub/Editor/2022.3.62f3c1/Editor/Data/NetStandard/compat/2.1.0/shims/netstandard/System.IO.UnmanagedMemoryStream.dll"
-r:"C:/Program Files/Unity/Hub/Editor/2022.3.62f3c1/Editor/Data/NetStandard/compat/2.1.0/shims/netstandard/System.Linq.dll"
-r:"C:/Program Files/Unity/Hub/Editor/2022.3.62f3c1/Editor/Data/NetStandard/compat/2.1.0/shims/netstandard/System.Linq.Expressions.dll"
-r:"C:/Program Files/Unity/Hub/Editor/2022.3.62f3c1/Editor/Data/NetStandard/compat/2.1.0/shims/netstandard/System.Linq.Parallel.dll"
-r:"C:/Program Files/Unity/Hub/Editor/2022.3.62f3c1/Editor/Data/NetStandard/compat/2.1.0/shims/netstandard/System.Linq.Queryable.dll"
-r:"C:/Program Files/Unity/Hub/Editor/2022.3.62f3c1/Editor/Data/NetStandard/compat/2.1.0/shims/netstandard/System.Memory.dll"
-r:"C:/Program Files/Unity/Hub/Editor/2022.3.62f3c1/Editor/Data/NetStandard/compat/2.1.0/shims/netstandard/System.Net.Http.dll"
-r:"C:/Program Files/Unity/Hub/Editor/2022.3.62f3c1/Editor/Data/NetStandard/compat/2.1.0/shims/netstandard/System.Net.NameResolution.dll"
-r:"C:/Program Files/Unity/Hub/Editor/2022.3.62f3c1/Editor/Data/NetStandard/compat/2.1.0/shims/netstandard/System.Net.NetworkInformation.dll"
-r:"C:/Program Files/Unity/Hub/Editor/2022.3.62f3c1/Editor/Data/NetStandard/compat/2.1.0/shims/netstandard/System.Net.Ping.dll"
-r:"C:/Program Files/Unity/Hub/Editor/2022.3.62f3c1/Editor/Data/NetStandard/compat/2.1.0/shims/netstandard/System.Net.Primitives.dll"
-r:"C:/Program Files/Unity/Hub/Editor/2022.3.62f3c1/Editor/Data/NetStandard/compat/2.1.0/shims/netstandard/System.Net.Requests.dll"
-r:"C:/Program Files/Unity/Hub/Editor/2022.3.62f3c1/Editor/Data/NetStandard/compat/2.1.0/shims/netstandard/System.Net.Security.dll"
-r:"C:/Program Files/Unity/Hub/Editor/2022.3.62f3c1/Editor/Data/NetStandard/compat/2.1.0/shims/netstandard/System.Net.Sockets.dll"
-r:"C:/Program Files/Unity/Hub/Editor/2022.3.62f3c1/Editor/Data/NetStandard/compat/2.1.0/shims/netstandard/System.Net.WebHeaderCollection.dll"
-r:"C:/Program Files/Unity/Hub/Editor/2022.3.62f3c1/Editor/Data/NetStandard/compat/2.1.0/shims/netstandard/System.Net.WebSockets.Client.dll"
-r:"C:/Program Files/Unity/Hub/Editor/2022.3.62f3c1/Editor/Data/NetStandard/compat/2.1.0/shims/netstandard/System.Net.WebSockets.dll"
-r:"C:/Program Files/Unity/Hub/Editor/2022.3.62f3c1/Editor/Data/NetStandard/compat/2.1.0/shims/netstandard/System.Numerics.Vectors.dll"
-r:"C:/Program Files/Unity/Hub/Editor/2022.3.62f3c1/Editor/Data/NetStandard/compat/2.1.0/shims/netstandard/System.ObjectModel.dll"
-r:"C:/Program Files/Unity/Hub/Editor/2022.3.62f3c1/Editor/Data/NetStandard/compat/2.1.0/shims/netstandard/System.Reflection.DispatchProxy.dll"
-r:"C:/Program Files/Unity/Hub/Editor/2022.3.62f3c1/Editor/Data/NetStandard/compat/2.1.0/shims/netstandard/System.Reflection.dll"
-r:"C:/Program Files/Unity/Hub/Editor/2022.3.62f3c1/Editor/Data/NetStandard/compat/2.1.0/shims/netstandard/System.Reflection.Emit.dll"
-r:"C:/Program Files/Unity/Hub/Editor/2022.3.62f3c1/Editor/Data/NetStandard/compat/2.1.0/shims/netstandard/System.Reflection.Emit.ILGeneration.dll"
-r:"C:/Program Files/Unity/Hub/Editor/2022.3.62f3c1/Editor/Data/NetStandard/compat/2.1.0/shims/netstandard/System.Reflection.Emit.Lightweight.dll"
-r:"C:/Program Files/Unity/Hub/Editor/2022.3.62f3c1/Editor/Data/NetStandard/compat/2.1.0/shims/netstandard/System.Reflection.Extensions.dll"
-r:"C:/Program Files/Unity/Hub/Editor/2022.3.62f3c1/Editor/Data/NetStandard/compat/2.1.0/shims/netstandard/System.Reflection.Primitives.dll"
-r:"C:/Program Files/Unity/Hub/Editor/2022.3.62f3c1/Editor/Data/NetStandard/compat/2.1.0/shims/netstandard/System.Resources.Reader.dll"
-r:"C:/Program Files/Unity/Hub/Editor/2022.3.62f3c1/Editor/Data/NetStandard/compat/2.1.0/shims/netstandard/System.Resources.ResourceManager.dll"
-r:"C:/Program Files/Unity/Hub/Editor/2022.3.62f3c1/Editor/Data/NetStandard/compat/2.1.0/shims/netstandard/System.Resources.Writer.dll"
-r:"C:/Program Files/Unity/Hub/Editor/2022.3.62f3c1/Editor/Data/NetStandard/compat/2.1.0/shims/netstandard/System.Runtime.CompilerServices.VisualC.dll"
-r:"C:/Program Files/Unity/Hub/Editor/2022.3.62f3c1/Editor/Data/NetStandard/compat/2.1.0/shims/netstandard/System.Runtime.dll"
-r:"C:/Program Files/Unity/Hub/Editor/2022.3.62f3c1/Editor/Data/NetStandard/compat/2.1.0/shims/netstandard/System.Runtime.Extensions.dll"
-r:"C:/Program Files/Unity/Hub/Editor/2022.3.62f3c1/Editor/Data/NetStandard/compat/2.1.0/shims/netstandard/System.Runtime.Handles.dll"
-r:"C:/Program Files/Unity/Hub/Editor/2022.3.62f3c1/Editor/Data/NetStandard/compat/2.1.0/shims/netstandard/System.Runtime.InteropServices.dll"
-r:"C:/Program Files/Unity/Hub/Editor/2022.3.62f3c1/Editor/Data/NetStandard/compat/2.1.0/shims/netstandard/System.Runtime.InteropServices.RuntimeInformation.dll"
-r:"C:/Program Files/Unity/Hub/Editor/2022.3.62f3c1/Editor/Data/NetStandard/compat/2.1.0/shims/netstandard/System.Runtime.Numerics.dll"
-r:"C:/Program Files/Unity/Hub/Editor/2022.3.62f3c1/Editor/Data/NetStandard/compat/2.1.0/shims/netstandard/System.Runtime.Serialization.Formatters.dll"
-r:"C:/Program Files/Unity/Hub/Editor/2022.3.62f3c1/Editor/Data/NetStandard/compat/2.1.0/shims/netstandard/System.Runtime.Serialization.Json.dll"
-r:"C:/Program Files/Unity/Hub/Editor/2022.3.62f3c1/Editor/Data/NetStandard/compat/2.1.0/shims/netstandard/System.Runtime.Serialization.Primitives.dll"
-r:"C:/Program Files/Unity/Hub/Editor/2022.3.62f3c1/Editor/Data/NetStandard/compat/2.1.0/shims/netstandard/System.Runtime.Serialization.Xml.dll"
-r:"C:/Program Files/Unity/Hub/Editor/2022.3.62f3c1/Editor/Data/NetStandard/compat/2.1.0/shims/netstandard/System.Security.Claims.dll"
-r:"C:/Program Files/Unity/Hub/Editor/2022.3.62f3c1/Editor/Data/NetStandard/compat/2.1.0/shims/netstandard/System.Security.Cryptography.Algorithms.dll"
-r:"C:/Program Files/Unity/Hub/Editor/2022.3.62f3c1/Editor/Data/NetStandard/compat/2.1.0/shims/netstandard/System.Security.Cryptography.Csp.dll"
-r:"C:/Program Files/Unity/Hub/Editor/2022.3.62f3c1/Editor/Data/NetStandard/compat/2.1.0/shims/netstandard/System.Security.Cryptography.Encoding.dll"
-r:"C:/Program Files/Unity/Hub/Editor/2022.3.62f3c1/Editor/Data/NetStandard/compat/2.1.0/shims/netstandard/System.Security.Cryptography.Primitives.dll"
-r:"C:/Program Files/Unity/Hub/Editor/2022.3.62f3c1/Editor/Data/NetStandard/compat/2.1.0/shims/netstandard/System.Security.Cryptography.X509Certificates.dll"
-r:"C:/Program Files/Unity/Hub/Editor/2022.3.62f3c1/Editor/Data/NetStandard/compat/2.1.0/shims/netstandard/System.Security.Principal.dll"
-r:"C:/Program Files/Unity/Hub/Editor/2022.3.62f3c1/Editor/Data/NetStandard/compat/2.1.0/shims/netstandard/System.Security.SecureString.dll"
-r:"C:/Program Files/Unity/Hub/Editor/2022.3.62f3c1/Editor/Data/NetStandard/compat/2.1.0/shims/netstandard/System.Text.Encoding.dll"
-r:"C:/Program Files/Unity/Hub/Editor/2022.3.62f3c1/Editor/Data/NetStandard/compat/2.1.0/shims/netstandard/System.Text.Encoding.Extensions.dll"
-r:"C:/Program Files/Unity/Hub/Editor/2022.3.62f3c1/Editor/Data/NetStandard/compat/2.1.0/shims/netstandard/System.Text.RegularExpressions.dll"
-r:"C:/Program Files/Unity/Hub/Editor/2022.3.62f3c1/Editor/Data/NetStandard/compat/2.1.0/shims/netstandard/System.Threading.dll"
-r:"C:/Program Files/Unity/Hub/Editor/2022.3.62f3c1/Editor/Data/NetStandard/compat/2.1.0/shims/netstandard/System.Threading.Overlapped.dll"
-r:"C:/Program Files/Unity/Hub/Editor/2022.3.62f3c1/Editor/Data/NetStandard/compat/2.1.0/shims/netstandard/System.Threading.Tasks.dll"
-r:"C:/Program Files/Unity/Hub/Editor/2022.3.62f3c1/Editor/Data/NetStandard/compat/2.1.0/shims/netstandard/System.Threading.Tasks.Extensions.dll"
-r:"C:/Program Files/Unity/Hub/Editor/2022.3.62f3c1/Editor/Data/NetStandard/compat/2.1.0/shims/netstandard/System.Threading.Tasks.Parallel.dll"
-r:"C:/Program Files/Unity/Hub/Editor/2022.3.62f3c1/Editor/Data/NetStandard/compat/2.1.0/shims/netstandard/System.Threading.Thread.dll"
-r:"C:/Program Files/Unity/Hub/Editor/2022.3.62f3c1/Editor/Data/NetStandard/compat/2.1.0/shims/netstandard/System.Threading.ThreadPool.dll"
-r:"C:/Program Files/Unity/Hub/Editor/2022.3.62f3c1/Editor/Data/NetStandard/compat/2.1.0/shims/netstandard/System.Threading.Timer.dll"
-r:"C:/Program Files/Unity/Hub/Editor/2022.3.62f3c1/Editor/Data/NetStandard/compat/2.1.0/shims/netstandard/System.ValueTuple.dll"
-r:"C:/Program Files/Unity/Hub/Editor/2022.3.62f3c1/Editor/Data/NetStandard/compat/2.1.0/shims/netstandard/System.Xml.ReaderWriter.dll"
-r:"C:/Program Files/Unity/Hub/Editor/2022.3.62f3c1/Editor/Data/NetStandard/compat/2.1.0/shims/netstandard/System.Xml.XDocument.dll"
-r:"C:/Program Files/Unity/Hub/Editor/2022.3.62f3c1/Editor/Data/NetStandard/compat/2.1.0/shims/netstandard/System.Xml.XmlDocument.dll"
-r:"C:/Program Files/Unity/Hub/Editor/2022.3.62f3c1/Editor/Data/NetStandard/compat/2.1.0/shims/netstandard/System.Xml.XmlSerializer.dll"
-r:"C:/Program Files/Unity/Hub/Editor/2022.3.62f3c1/Editor/Data/NetStandard/compat/2.1.0/shims/netstandard/System.Xml.XPath.dll"
-r:"C:/Program Files/Unity/Hub/Editor/2022.3.62f3c1/Editor/Data/NetStandard/compat/2.1.0/shims/netstandard/System.Xml.XPath.XDocument.dll"
-r:"C:/Program Files/Unity/Hub/Editor/2022.3.62f3c1/Editor/Data/NetStandard/Extensions/2.0.0/System.Runtime.InteropServices.WindowsRuntime.dll"
-r:"C:/Program Files/Unity/Hub/Editor/2022.3.62f3c1/Editor/Data/NetStandard/ref/2.1.0/netstandard.dll"
-r:"C:/Program Files/Unity/Hub/Editor/2022.3.62f3c1/Editor/Data/PlaybackEngines/WindowsStandaloneSupport/UnityEditor.WindowsStandalone.Extensions.dll"
-r:"Library/PackageCache/com.code-philosophy.hybridclr@e4def761d6/Plugins/LZ4.dll"
-r:"Library/PackageCache/com.code-philosophy.obfuz@977779c8b7/Plugins/dnlib.dll"
-r:"Library/PackageCache/com.unity.collab-proxy@2.12.4/Lib/Editor/log4netPlastic.dll"
-r:"Library/PackageCache/com.unity.collab-proxy@2.12.4/Lib/Editor/TextMateSharp/Onigwrap/OnigwrapPlastic.dll"
-r:"Library/PackageCache/com.unity.collab-proxy@2.12.4/Lib/Editor/TextMateSharp/TextMateSharpPlastic.dll"
-r:"Library/PackageCache/com.unity.collab-proxy@2.12.4/Lib/Editor/TextMateSharp/TextMateSharpPlastic.Grammars.dll"
-r:"Library/PackageCache/com.unity.collab-proxy@2.12.4/Lib/Editor/Unity.Plastic.Antlr3.Runtime.dll"
-r:"Library/PackageCache/com.unity.collab-proxy@2.12.4/Lib/Editor/Unity.Plastic.Newtonsoft.Json.dll"
-r:"Library/PackageCache/com.unity.collab-proxy@2.12.4/Lib/Editor/unityplastic.dll"
-r:"Library/PackageCache/com.unity.collections@2.5.7/Unity.Collections.LowLevel.ILSupport/Unity.Collections.LowLevel.ILSupport.dll"
-r:"Library/PackageCache/com.unity.collections@2.5.7/Unity.Collections.Tests/System.IO.Hashing/System.IO.Hashing.dll"
-r:"Library/PackageCache/com.unity.ext.nunit@2.0.3/net40/unity-custom/nunit.framework.dll"
-r:"Library/PackageCache/com.unity.nuget.newtonsoft-json@3.2.1/Runtime/Newtonsoft.Json.dll"
-r:"Library/PackageCache/com.unity.visualscripting@1.9.4/Editor/VisualScripting.Core/Dependencies/DotNetZip/Unity.VisualScripting.IonicZip.dll"
-r:"Library/PackageCache/com.unity.visualscripting@1.9.4/Editor/VisualScripting.Core/Dependencies/YamlDotNet/Unity.VisualScripting.YamlDotNet.dll"
-r:"Library/PackageCache/com.unity.visualscripting@1.9.4/Editor/VisualScripting.Core/EditorAssetResources/Unity.VisualScripting.TextureAssets.dll"
-r:"Library/PackageCache/com.unity.visualscripting@1.9.4/Runtime/VisualScripting.Flow/Dependencies/NCalc/Unity.VisualScripting.Antlr3.Runtime.dll"
-r:"Library/Bee/artifacts/1900b0aEDbg.dag/Builtin.Runtime.ref.dll"
-r:"Library/Bee/artifacts/1900b0aEDbg.dag/Cinemachine.ref.dll"
-r:"Library/Bee/artifacts/1900b0aEDbg.dag/DOTween.Extension.ref.dll"
-r:"Library/Bee/artifacts/1900b0aEDbg.dag/GameFramework.ref.dll"
-r:"Library/Bee/artifacts/1900b0aEDbg.dag/Obfuz.Runtime.ref.dll"
-r:"Library/Bee/artifacts/1900b0aEDbg.dag/UniTask.ref.dll"
-r:"Library/Bee/artifacts/1900b0aEDbg.dag/Unity.Collections.ref.dll"
-r:"Library/Bee/artifacts/1900b0aEDbg.dag/Unity.Jobs.ref.dll"
-r:"Library/Bee/artifacts/1900b0aEDbg.dag/Unity.Mathematics.ref.dll"
-r:"Library/Bee/artifacts/1900b0aEDbg.dag/Unity.RenderPipelines.Universal.Runtime.ref.dll"
-r:"Library/Bee/artifacts/1900b0aEDbg.dag/Unity.TextMeshPro.ref.dll"
-r:"Library/Bee/artifacts/1900b0aEDbg.dag/UnityEditor.UI.ref.dll"
-r:"Library/Bee/artifacts/1900b0aEDbg.dag/UnityEngine.UI.ref.dll"
-r:"Library/Bee/artifacts/1900b0aEDbg.dag/UnityGameFramework.Runtime.ref.dll"
-analyzer:"C:/Program Files/Unity/Hub/Editor/2022.3.62f3c1/Editor/Data/Tools/Unity.SourceGenerators/Unity.Properties.SourceGenerator.dll"
-analyzer:"C:/Program Files/Unity/Hub/Editor/2022.3.62f3c1/Editor/Data/Tools/Unity.SourceGenerators/Unity.SourceGenerators.dll"
"Assets/Game/Scripts/ColorTiming/Bootstrap/ColorTimingCompositionRoot.cs"
"Assets/Game/Scripts/ColorTiming/Bootstrap/ColorTimingStartupProcedure.cs"
"Assets/Game/Scripts/ColorTiming/Bootstrap/Flow/ColorTimingSceneFlow.cs"
"Assets/Game/Scripts/ColorTiming/Bootstrap/Flow/ColorTimingSceneId.cs"
"Assets/Game/Scripts/ColorTiming/Bootstrap/Flow/IColorTimingSceneFlow.cs"
"Assets/Game/Scripts/ColorTiming/Legacy/Anim/EnterAnimStateEvent.cs"
"Assets/Game/Scripts/ColorTiming/Legacy/Anim/RestXuli.cs"
"Assets/Game/Scripts/ColorTiming/Legacy/Anim/Xuli.cs"
"Assets/Game/Scripts/ColorTiming/Legacy/Boss1Anim.cs"
"Assets/Game/Scripts/ColorTiming/Legacy/Boss1SoundManager.cs"
"Assets/Game/Scripts/ColorTiming/Legacy/Boss1_CollionTest.cs"
"Assets/Game/Scripts/ColorTiming/Legacy/Boss1_Controller.cs"
"Assets/Game/Scripts/ColorTiming/Legacy/Boss2Anim_s.cs"
"Assets/Game/Scripts/ColorTiming/Legacy/Boss2SoundManager.cs"
"Assets/Game/Scripts/ColorTiming/Legacy/Boss2_Controller.cs"
"Assets/Game/Scripts/ColorTiming/Legacy/Boss2_Controller_w.cs"
"Assets/Game/Scripts/ColorTiming/Legacy/CameraShow.cs"
"Assets/Game/Scripts/ColorTiming/Legacy/Death_sc_Over.cs"
"Assets/Game/Scripts/ColorTiming/Legacy/GameManager.cs"
"Assets/Game/Scripts/ColorTiming/Legacy/HeroAnimStae.cs"
"Assets/Game/Scripts/ColorTiming/Legacy/HeroCamera_.cs"
"Assets/Game/Scripts/ColorTiming/Legacy/HeroController.cs"
"Assets/Game/Scripts/ColorTiming/Legacy/HeroFrireSystem.cs"
"Assets/Game/Scripts/ColorTiming/Legacy/HeroSoundManager.cs"
"Assets/Game/Scripts/ColorTiming/Legacy/Hero_XuliTip.cs"
"Assets/Game/Scripts/ColorTiming/Legacy/I_Damage.cs"
"Assets/Game/Scripts/ColorTiming/Legacy/Pickup_Weapon.cs"
"Assets/Game/Scripts/ColorTiming/Legacy/Skill/HitFX_Base.cs"
"Assets/Game/Scripts/ColorTiming/Legacy/Skill/Skill_base.cs"
"Assets/Game/Scripts/ColorTiming/Legacy/Skill/skill_base_randomHit.cs"
"Assets/Game/Scripts/ColorTiming/Legacy/Skill/Skill_Bo1_Atk5.cs"
"Assets/Game/Scripts/ColorTiming/Legacy/Skill/Skill_Bo1_Atk5_b.cs"
"Assets/Game/Scripts/ColorTiming/Legacy/Skill/Skill_Bo1_Atk5_I.cs"
"Assets/Game/Scripts/ColorTiming/Legacy/Skill/Skill_Bo1_Atk5_Item.cs"
"Assets/Game/Scripts/ColorTiming/Legacy/Skill/Skill_Bo2w_Atk.cs"
"Assets/Game/Scripts/ColorTiming/Legacy/Skill/Skill_Bo2_Atk2.cs"
"Assets/Game/Scripts/ColorTiming/Legacy/Skill/Skill_Bo2_atk2_s.cs"
"Assets/Game/Scripts/ColorTiming/Legacy/Skill/Skill_futou.cs"
"Assets/Game/Scripts/ColorTiming/Legacy/Skill/Skill_futou_child.cs"
"Assets/Game/Scripts/ColorTiming/Legacy/Skill/Skill_Nor.cs"
"Assets/Game/Scripts/ColorTiming/Legacy/Skill/Skill_Zhadan.cs"
"Assets/Game/Scripts/ColorTiming/Legacy/Skill/Sk_Bo2_dundi.cs"
"Assets/Game/Scripts/ColorTiming/Legacy/Skill/sk_bo2_luodian.cs"
"Assets/Game/Scripts/ColorTiming/Legacy/Tool/FunctionLibrary.cs"
"Assets/Game/Scripts/ColorTiming/Legacy/TransformTool.cs"
"Assets/Game/Scripts/ColorTiming/Legacy/UI/BtnSound.cs"
"Assets/Game/Scripts/ColorTiming/Legacy/UI/LoadScenes.cs"
"Assets/Game/Scripts/ColorTiming/Legacy/UI/StartVido.cs"
"Assets/Game/Scripts/ColorTiming/Legacy/UI/UI_BossHPController.cs"
"Assets/Game/Scripts/ColorTiming/Legacy/UI/UI_BossHPController2.cs"
"Assets/Game/Scripts/ColorTiming/Legacy/UI/UI_BossHP_Item.cs"
"Assets/Game/Scripts/ColorTiming/Legacy/UI/UI_ButtonAction.cs"
"Assets/Game/Scripts/ColorTiming/Legacy/UI/UI_ESC.cs"
"Assets/Game/Scripts/ColorTiming/Legacy/UI/UI_Game.cs"
"Assets/Game/Scripts/ColorTiming/Legacy/UI/UI_HeroHPBox.cs"
"Assets/Game/Scripts/ColorTiming/Legacy/UI/UI_HeroHPItem.cs"
"Assets/Game/Scripts/ColorTiming/Legacy/UI/UI_HeroInfo.cs"
"Assets/Game/Scripts/ColorTiming/Legacy/UI/UI_SoundManager.cs"
"Assets/Game/Scripts/ColorTiming/Legacy/UI/UI_WeaponTip.cs"
"Assets/Game/Scripts/ColorTiming/Legacy/UI/U_HeroHit.cs"
"Assets/Game/Scripts/ColorTiming/Legacy/WeaponControSystem.cs"
"Assets/Game/Scripts/ColorTiming/Legacy/WeaponControSystem_2.cs"
"Assets/Game/Scripts/ColorTiming/Legacy/XiaoCao.cs"
"Assets/Game/Scripts/Common/Const.cs"
"Assets/Game/Scripts/Common/Const.Groups.cs"
"Assets/Game/Scripts/Common/DOTweenSequence.cs"
"Assets/Game/Scripts/Common/FlowLayoutGroup.cs"
"Assets/Game/Scripts/Common/LocalizationTextMesh.cs"
"Assets/Game/Scripts/Common/RefParams.cs"
"Assets/Game/Scripts/DataTable/Core/EntityGroupTable.cs"
"Assets/Game/Scripts/DataTable/Core/LanguagesTable.cs"
"Assets/Game/Scripts/DataTable/Core/SoundGroupTable.cs"
"Assets/Game/Scripts/DataTable/Core/UIGroupTable.cs"
"Assets/Game/Scripts/DataTable/Core/UITable.cs"
"Assets/Game/Scripts/Entity/Core/EntityBase.cs"
"Assets/Game/Scripts/Entity/Core/EntityParams.cs"
"Assets/Game/Scripts/Entity/ParticleEntity.cs"
"Assets/Game/Scripts/EventArgs/GFEventArgs.cs"
"Assets/Game/Scripts/Extension/Animation/AnimationExtension.cs"
"Assets/Game/Scripts/Extension/AwaitExtension/AwaitExtension.cs"
"Assets/Game/Scripts/Extension/AwaitExtension/AwaitParams.cs"
"Assets/Game/Scripts/Extension/AwaitExtension/DownloadResult.cs"
"Assets/Game/Scripts/Extension/AwaitExtension/WebRequestResult.cs"
"Assets/Game/Scripts/Extension/ConfigExtension.cs"
"Assets/Game/Scripts/Extension/DataModel/DataModelBase.cs"
"Assets/Game/Scripts/Extension/DataModel/DataModelComponent.cs"
"Assets/Game/Scripts/Extension/DataModel/DataModelStorageBase.cs"
"Assets/Game/Scripts/Extension/DataModel/TypeIdPair.cs"
"Assets/Game/Scripts/Extension/DataTableExtension.cs"
"Assets/Game/Scripts/Extension/DOTweenExtension.cs"
"Assets/Game/Scripts/Extension/EntityExtension.cs"
"Assets/Game/Scripts/Extension/GF.cs"
"Assets/Game/Scripts/Extension/LocalizationExtension.cs"
"Assets/Game/Scripts/Extension/ResourceExtension.cs"
"Assets/Game/Scripts/Extension/SettingExtension.cs"
"Assets/Game/Scripts/Extension/SoundExtension.cs"
"Assets/Game/Scripts/Extension/StaticUIComponent.cs"
"Assets/Game/Scripts/Extension/TransformExtension.cs"
"Assets/Game/Scripts/Extension/UIExtension.cs"
"Assets/Game/Scripts/Extension/UnityUIExtension.cs"
"Assets/Game/Scripts/Extension/UtilityEx.cs"
"Assets/Game/Scripts/Extension/Variable/VarAction.cs"
"Assets/Game/Scripts/Extension/Variable/VarFloat.cs"
"Assets/Game/Scripts/Extension/Variable/VarVector3Array.cs"
"Assets/Game/Scripts/Extension/VariablePool/VariablePoolComponent.cs"
"Assets/Game/Scripts/HotfixEntry.cs"
"Assets/Game/Scripts/Network/CSPacketBase.cs"
"Assets/Game/Scripts/Network/CSPacketHeader.cs"
"Assets/Game/Scripts/Network/NetworkChannelHelper.cs"
"Assets/Game/Scripts/Network/Packet/CSHeartBeat.cs"
"Assets/Game/Scripts/Network/Packet/SCHeartBeat.cs"
"Assets/Game/Scripts/Network/PacketBase.cs"
"Assets/Game/Scripts/Network/PacketHandler/SCHeartBeatHandler.cs"
"Assets/Game/Scripts/Network/PacketHandlerBase.cs"
"Assets/Game/Scripts/Network/PacketHeaderBase.cs"
"Assets/Game/Scripts/Network/PacketType.cs"
"Assets/Game/Scripts/Network/SCPacketBase.cs"
"Assets/Game/Scripts/Network/SCPacketHeader.cs"
"Assets/Game/Scripts/Procedures/ChangeSceneProcedure.cs"
"Assets/Game/Scripts/Procedures/FrameworkReadyProcedure.cs"
"Assets/Game/Scripts/Procedures/IFrameworkStartupProcedure.cs"
"Assets/Game/Scripts/Procedures/PreloadProcedure.cs"
"Assets/Game/Scripts/ScriptableObject/AppConfigs.cs"
"Assets/Game/Scripts/UI/Core/UIFormBase.cs"
"Assets/Game/Scripts/UI/Core/UIItemBase.cs"
"Assets/Game/Scripts/UI/Core/UIItemObject.cs"
"Assets/Game/Scripts/UI/Core/UIParams.cs"
"Assets/Game/Scripts/UI/Core/UIViews.cs"
-langversion:9.0
/unsafe+
/deterministic
/optimize-
/debug:portable
/nologo
/RuntimeMetadataVersion:v4.0.30319
/nowarn:0169
/nowarn:0649
/nowarn:0282
/nowarn:1701
/nowarn:1702
/utf8output
/preferreduilang:en-US
/additionalfile:"Library/Bee/artifacts/1900b0aEDbg.dag/Hotfix.UnityAdditionalFile.txt"
##### Custom Environment Variables
DOTNET_MULTILEVEL_LOOKUP=0
##### ExitCode
1
##### Output
Assets\Game\Scripts\ColorTiming\Legacy\Boss1Anim.cs(1,7): error CS0246: The type or namespace name 'Spine' could not be found (are you missing a using directive or an assembly reference?)

Assets\Game\Scripts\ColorTiming\Legacy\Boss1Anim.cs(2,7): error CS0246: The type or namespace name 'Spine' could not be found (are you missing a using directive or an assembly reference?)

Assets\Game\Scripts\ColorTiming\Legacy\Boss1_Controller.cs(1,7): error CS0246: The type or namespace name 'Spine' could not be found (are you missing a using directive or an assembly reference?)

Assets\Game\Scripts\ColorTiming\Legacy\Boss1_Controller.cs(2,7): error CS0246: The type or namespace name 'Spine' could not be found (are you missing a using directive or an assembly reference?)

Assets\Game\Scripts\ColorTiming\Legacy\Boss2Anim_s.cs(1,7): error CS0246: The type or namespace name 'Spine' could not be found (are you missing a using directive or an assembly reference?)

Assets\Game\Scripts\ColorTiming\Legacy\Boss2_Controller.cs(1,7): error CS0246: The type or namespace name 'Spine' could not be found (are you missing a using directive or an assembly reference?)

Assets\Game\Scripts\ColorTiming\Legacy\Boss2_Controller.cs(2,7): error CS0246: The type or namespace name 'Spine' could not be found (are you missing a using directive or an assembly reference?)

Assets\Game\Scripts\ColorTiming\Legacy\Boss2_Controller_w.cs(1,7): error CS0246: The type or namespace name 'Spine' could not be found (are you missing a using directive or an assembly reference?)

Assets\Game\Scripts\ColorTiming\Legacy\Boss2_Controller_w.cs(2,7): error CS0246: The type or namespace name 'Spine' could not be found (are you missing a using directive or an assembly reference?)

Assets\Game\Scripts\ColorTiming\Legacy\Skill\Skill_Bo2w_Atk.cs(1,7): error CS0246: The type or namespace name 'Spine' could not be found (are you missing a using directive or an assembly reference?)

Assets\Game\Scripts\ColorTiming\Legacy\Skill\Skill_Bo2w_Atk.cs(2,7): error CS0246: The type or namespace name 'Spine' could not be found (are you missing a using directive or an assembly reference?)

Assets\Game\Scripts\ColorTiming\Legacy\Skill\Sk_Bo2_dundi.cs(1,7): error CS0246: The type or namespace name 'Spine' could not be found (are you missing a using directive or an assembly reference?)

Assets\Game\Scripts\ColorTiming\Legacy\Skill\Sk_Bo2_dundi.cs(2,7): error CS0246: The type or namespace name 'Spine' could not be found (are you missing a using directive or an assembly reference?)

Assets\Game\Scripts\ColorTiming\Legacy\HeroController.cs(29,17): warning CS0108: 'HeroController.rigidbody2D' hides inherited member 'Component.rigidbody2D'. Use the new keyword if hiding was intended.

Assets\Game\Scripts\ColorTiming\Legacy\Boss1_Controller.cs(244,28): error CS0246: The type or namespace name 'TrackEntry' could not be found (are you missing a using directive or an assembly reference?)

Assets\Game\Scripts\ColorTiming\Legacy\Boss1_Controller.cs(244,51): error CS0246: The type or namespace name 'Spine' could not be found (are you missing a using directive or an assembly reference?)

Assets\Game\Scripts\ColorTiming\Legacy\Boss1_Controller.cs(259,33): error CS0246: The type or namespace name 'TrackEntry' could not be found (are you missing a using directive or an assembly reference?)

Assets\Game\Scripts\ColorTiming\Legacy\Skill\Sk_Bo2_dundi.cs(35,33): error CS0246: The type or namespace name 'TrackEntry' could not be found (are you missing a using directive or an assembly reference?)

Assets\Game\Scripts\ColorTiming\Legacy\Skill\Skill_Bo2w_Atk.cs(12,5): error CS0246: The type or namespace name 'SkeletonAnimation' could not be found (are you missing a using directive or an assembly reference?)

Assets\Game\Scripts\ColorTiming\Legacy\Boss1_Controller.cs(19,12): error CS0246: The type or namespace name 'SkeletonAnimation' could not be found (are you missing a using directive or an assembly reference?)

Assets\Game\Scripts\ColorTiming\Legacy\Skill\Sk_Bo2_dundi.cs(13,5): error CS0246: The type or namespace name 'SkeletonAnimation' could not be found (are you missing a using directive or an assembly reference?)

Assets\Game\Scripts\ColorTiming\Legacy\Boss1_Controller.cs(20,12): error CS0246: The type or namespace name 'SkeletonAnimation' could not be found (are you missing a using directive or an assembly reference?)

Assets\Game\Scripts\ColorTiming\Legacy\Boss1_Controller.cs(21,12): error CS0246: The type or namespace name 'SkeletonAnimation' could not be found (are you missing a using directive or an assembly reference?)

Assets\Game\Scripts\ColorTiming\Legacy\Boss2Anim_s.cs(53,23): error CS0246: The type or namespace name 'TrackEntry' could not be found (are you missing a using directive or an assembly reference?)

Assets\Game\Scripts\ColorTiming\Legacy\Boss2Anim_s.cs(53,46): error CS0246: The type or namespace name 'Spine' could not be found (are you missing a using directive or an assembly reference?)

Assets\Game\Scripts\ColorTiming\Legacy\Boss1Anim.cs(75,23): error CS0246: The type or namespace name 'TrackEntry' could not be found (are you missing a using directive or an assembly reference?)

Assets\Game\Scripts\ColorTiming\Legacy\Boss1Anim.cs(75,46): error CS0246: The type or namespace name 'Spine' could not be found (are you missing a using directive or an assembly reference?)

Assets\Game\Scripts\ColorTiming\Legacy\Boss2_Controller.cs(274,28): error CS0246: The type or namespace name 'TrackEntry' could not be found (are you missing a using directive or an assembly reference?)

Assets\Game\Scripts\ColorTiming\Legacy\Boss2_Controller.cs(274,51): error CS0246: The type or namespace name 'Spine' could not be found (are you missing a using directive or an assembly reference?)

Assets\Game\Scripts\ColorTiming\Legacy\Boss1Anim.cs(35,12): error CS0246: The type or namespace name 'SkeletonAnimation' could not be found (are you missing a using directive or an assembly reference?)

Assets\Game\Scripts\ColorTiming\Legacy\Boss2_Controller.cs(291,33): error CS0246: The type or namespace name 'TrackEntry' could not be found (are you missing a using directive or an assembly reference?)

Assets\Game\Scripts\ColorTiming\Legacy\Boss1Anim.cs(36,12): error CS0246: The type or namespace name 'SkeletonAnimation' could not be found (are you missing a using directive or an assembly reference?)

Assets\Game\Scripts\ColorTiming\Legacy\Boss2_Controller.cs(20,12): error CS0246: The type or namespace name 'SkeletonAnimation' could not be found (are you missing a using directive or an assembly reference?)

Assets\Game\Scripts\ColorTiming\Legacy\Boss2_Controller.cs(21,12): error CS0246: The type or namespace name 'SkeletonAnimation' could not be found (are you missing a using directive or an assembly reference?)

Assets\Game\Scripts\ColorTiming\Legacy\Boss2_Controller_w.cs(171,33): error CS0246: The type or namespace name 'TrackEntry' could not be found (are you missing a using directive or an assembly reference?)

Assets\Game\Scripts\ColorTiming\Legacy\Boss2_Controller_w.cs(199,28): error CS0246: The type or namespace name 'TrackEntry' could not be found (are you missing a using directive or an assembly reference?)

Assets\Game\Scripts\ColorTiming\Legacy\Boss2_Controller_w.cs(199,51): error CS0246: The type or namespace name 'Spine' could not be found (are you missing a using directive or an assembly reference?)

Assets\Game\Scripts\ColorTiming\Legacy\Boss2_Controller_w.cs(9,12): error CS0246: The type or namespace name 'SkeletonAnimation' could not be found (are you missing a using directive or an assembly reference?)
*** Tundra build failed (0.81 seconds), 23 items updated, 1213 evaluated
## Script Compilation Error for: Csc Library/Bee/artifacts/1900b0aEDbg.dag/Hotfix.dll (+2 others)
## CmdLine: "C:\Program Files\Unity\Hub\Editor\2022.3.62f3c1\Editor\Data\NetCoreRuntime\dotnet.exe" exec "C:/Program Files/Unity/Hub/Editor/2022.3.62f3c1/Editor/Data/DotNetSdkRoslyn/csc.dll" /nostdlib /noconfig /shared "@Library/Bee/artifacts/1900b0aEDbg.dag/Hotfix.rsp" "@Library/Bee/artifacts/1900b0aEDbg.dag/Hotfix.rsp2"
## Output:
Assets\Game\Scripts\ColorTiming\Legacy\Boss1Anim.cs(1,7): error CS0246: The type or namespace name 'Spine' could not be found (are you missing a using directive or an assembly reference?)
Assets\Game\Scripts\ColorTiming\Legacy\Boss1Anim.cs(2,7): error CS0246: The type or namespace name 'Spine' could not be found (are you missing a using directive or an assembly reference?)
Assets\Game\Scripts\ColorTiming\Legacy\Boss1_Controller.cs(1,7): error CS0246: The type or namespace name 'Spine' could not be found (are you missing a using directive or an assembly reference?)
Assets\Game\Scripts\ColorTiming\Legacy\Boss1_Controller.cs(2,7): error CS0246: The type or namespace name 'Spine' could not be found (are you missing a using directive or an assembly reference?)
Assets\Game\Scripts\ColorTiming\Legacy\Boss2Anim_s.cs(1,7): error CS0246: The type or namespace name 'Spine' could not be found (are you missing a using directive or an assembly reference?)
Assets\Game\Scripts\ColorTiming\Legacy\Boss2_Controller.cs(1,7): error CS0246: The type or namespace name 'Spine' could not be found (are you missing a using directive or an assembly reference?)
Assets\Game\Scripts\ColorTiming\Legacy\Boss2_Controller.cs(2,7): error CS0246: The type or namespace name 'Spine' could not be found (are you missing a using directive or an assembly reference?)
Assets\Game\Scripts\ColorTiming\Legacy\Boss2_Controller_w.cs(1,7): error CS0246: The type or namespace name 'Spine' could not be found (are you missing a using directive or an assembly reference?)
Assets\Game\Scripts\ColorTiming\Legacy\Boss2_Controller_w.cs(2,7): error CS0246: The type or namespace name 'Spine' could not be found (are you missing a using directive or an assembly reference?)
Assets\Game\Scripts\ColorTiming\Legacy\Skill\Skill_Bo2w_Atk.cs(1,7): error CS0246: The type or namespace name 'Spine' could not be found (are you missing a using directive or an assembly reference?)
Assets\Game\Scripts\ColorTiming\Legacy\Skill\Skill_Bo2w_Atk.cs(2,7): error CS0246: The type or namespace name 'Spine' could not be found (are you missing a using directive or an assembly reference?)
Assets\Game\Scripts\ColorTiming\Legacy\Skill\Sk_Bo2_dundi.cs(1,7): error CS0246: The type or namespace name 'Spine' could not be found (are you missing a using directive or an assembly reference?)
Assets\Game\Scripts\ColorTiming\Legacy\Skill\Sk_Bo2_dundi.cs(2,7): error CS0246: The type or namespace name 'Spine' could not be found (are you missing a using directive or an assembly reference?)
Assets\Game\Scripts\ColorTiming\Legacy\HeroController.cs(29,17): warning CS0108: 'HeroController.rigidbody2D' hides inherited member 'Component.rigidbody2D'. Use the new keyword if hiding was intended.
Assets\Game\Scripts\ColorTiming\Legacy\Boss1_Controller.cs(244,28): error CS0246: The type or namespace name 'TrackEntry' could not be found (are you missing a using directive or an assembly reference?)
Assets\Game\Scripts\ColorTiming\Legacy\Boss1_Controller.cs(244,51): error CS0246: The type or namespace name 'Spine' could not be found (are you missing a using directive or an assembly reference?)
Assets\Game\Scripts\ColorTiming\Legacy\Boss1_Controller.cs(259,33): error CS0246: The type or namespace name 'TrackEntry' could not be found (are you missing a using directive or an assembly reference?)
Assets\Game\Scripts\ColorTiming\Legacy\Skill\Sk_Bo2_dundi.cs(35,33): error CS0246: The type or namespace name 'TrackEntry' could not be found (are you missing a using directive or an assembly reference?)
Assets\Game\Scripts\ColorTiming\Legacy\Skill\Skill_Bo2w_Atk.cs(12,5): error CS0246: The type or namespace name 'SkeletonAnimation' could not be found (are you missing a using directive or an assembly reference?)
Assets\Game\Scripts\ColorTiming\Legacy\Boss1_Controller.cs(19,12): error CS0246: The type or namespace name 'SkeletonAnimation' could not be found (are you missing a using directive or an assembly reference?)
Assets\Game\Scripts\ColorTiming\Legacy\Skill\Sk_Bo2_dundi.cs(13,5): error CS0246: The type or namespace name 'SkeletonAnimation' could not be found (are you missing a using directive or an assembly reference?)
Assets\Game\Scripts\ColorTiming\Legacy\Boss1_Controller.cs(20,12): error CS0246: The type or namespace name 'SkeletonAnimation' could not be found (are you missing a using directive or an assembly reference?)
Assets\Game\Scripts\ColorTiming\Legacy\Boss1_Controller.cs(21,12): error CS0246: The type or namespace name 'SkeletonAnimation' could not be found (are you missing a using directive or an assembly reference?)
Assets\Game\Scripts\ColorTiming\Legacy\Boss2Anim_s.cs(53,23): error CS0246: The type or namespace name 'TrackEntry' could not be found (are you missing a using directive or an assembly reference?)
Assets\Game\Scripts\ColorTiming\Legacy\Boss2Anim_s.cs(53,46): error CS0246: The type or namespace name 'Spine' could not be found (are you missing a using directive or an assembly reference?)
Assets\Game\Scripts\ColorTiming\Legacy\Boss1Anim.cs(75,23): error CS0246: The type or namespace name 'TrackEntry' could not be found (are you missing a using directive or an assembly reference?)
Assets\Game\Scripts\ColorTiming\Legacy\Boss1Anim.cs(75,46): error CS0246: The type or namespace name 'Spine' could not be found (are you missing a using directive or an assembly reference?)
Assets\Game\Scripts\ColorTiming\Legacy\Boss2_Controller.cs(274,28): error CS0246: The type or namespace name 'TrackEntry' could not be found (are you missing a using directive or an assembly reference?)
Assets\Game\Scripts\ColorTiming\Legacy\Boss2_Controller.cs(274,51): error CS0246: The type or namespace name 'Spine' could not be found (are you missing a using directive or an assembly reference?)
Assets\Game\Scripts\ColorTiming\Legacy\Boss1Anim.cs(35,12): error CS0246: The type or namespace name 'SkeletonAnimation' could not be found (are you missing a using directive or an assembly reference?)
Assets\Game\Scripts\ColorTiming\Legacy\Boss2_Controller.cs(291,33): error CS0246: The type or namespace name 'TrackEntry' could not be found (are you missing a using directive or an assembly reference?)
Assets\Game\Scripts\ColorTiming\Legacy\Boss1Anim.cs(36,12): error CS0246: The type or namespace name 'SkeletonAnimation' could not be found (are you missing a using directive or an assembly reference?)
Assets\Game\Scripts\ColorTiming\Legacy\Boss2_Controller.cs(20,12): error CS0246: The type or namespace name 'SkeletonAnimation' could not be found (are you missing a using directive or an assembly reference?)
Assets\Game\Scripts\ColorTiming\Legacy\Boss2_Controller.cs(21,12): error CS0246: The type or namespace name 'SkeletonAnimation' could not be found (are you missing a using directive or an assembly reference?)
Assets\Game\Scripts\ColorTiming\Legacy\Boss2_Controller_w.cs(171,33): error CS0246: The type or namespace name 'TrackEntry' could not be found (are you missing a using directive or an assembly reference?)
Assets\Game\Scripts\ColorTiming\Legacy\Boss2_Controller_w.cs(199,28): error CS0246: The type or namespace name 'TrackEntry' could not be found (are you missing a using directive or an assembly reference?)
Assets\Game\Scripts\ColorTiming\Legacy\Boss2_Controller_w.cs(199,51): error CS0246: The type or namespace name 'Spine' could not be found (are you missing a using directive or an assembly reference?)
Assets\Game\Scripts\ColorTiming\Legacy\Boss2_Controller_w.cs(9,12): error CS0246: The type or namespace name 'SkeletonAnimation' could not be found (are you missing a using directive or an assembly reference?)

Assets\Game\Scripts\ColorTiming\Legacy\Boss1Anim.cs(1,7): error CS0246: The type or namespace name 'Spine' could not be found (are you missing a using directive or an assembly reference?)
Assets\Game\Scripts\ColorTiming\Legacy\Boss1Anim.cs(2,7): error CS0246: The type or namespace name 'Spine' could not be found (are you missing a using directive or an assembly reference?)
Assets\Game\Scripts\ColorTiming\Legacy\Boss1_Controller.cs(1,7): error CS0246: The type or namespace name 'Spine' could not be found (are you missing a using directive or an assembly reference?)
Assets\Game\Scripts\ColorTiming\Legacy\Boss1_Controller.cs(2,7): error CS0246: The type or namespace name 'Spine' could not be found (are you missing a using directive or an assembly reference?)
Assets\Game\Scripts\ColorTiming\Legacy\Boss2Anim_s.cs(1,7): error CS0246: The type or namespace name 'Spine' could not be found (are you missing a using directive or an assembly reference?)
Assets\Game\Scripts\ColorTiming\Legacy\Boss2_Controller.cs(1,7): error CS0246: The type or namespace name 'Spine' could not be found (are you missing a using directive or an assembly reference?)
Assets\Game\Scripts\ColorTiming\Legacy\Boss2_Controller.cs(2,7): error CS0246: The type or namespace name 'Spine' could not be found (are you missing a using directive or an assembly reference?)
Assets\Game\Scripts\ColorTiming\Legacy\Boss2_Controller_w.cs(1,7): error CS0246: The type or namespace name 'Spine' could not be found (are you missing a using directive or an assembly reference?)
Assets\Game\Scripts\ColorTiming\Legacy\Boss2_Controller_w.cs(2,7): error CS0246: The type or namespace name 'Spine' could not be found (are you missing a using directive or an assembly reference?)
Assets\Game\Scripts\ColorTiming\Legacy\Skill\Skill_Bo2w_Atk.cs(1,7): error CS0246: The type or namespace name 'Spine' could not be found (are you missing a using directive or an assembly reference?)
Assets\Game\Scripts\ColorTiming\Legacy\Skill\Skill_Bo2w_Atk.cs(2,7): error CS0246: The type or namespace name 'Spine' could not be found (are you missing a using directive or an assembly reference?)
Assets\Game\Scripts\ColorTiming\Legacy\Skill\Sk_Bo2_dundi.cs(1,7): error CS0246: The type or namespace name 'Spine' could not be found (are you missing a using directive or an assembly reference?)
Assets\Game\Scripts\ColorTiming\Legacy\Skill\Sk_Bo2_dundi.cs(2,7): error CS0246: The type or namespace name 'Spine' could not be found (are you missing a using directive or an assembly reference?)
Assets\Game\Scripts\ColorTiming\Legacy\HeroController.cs(29,17): warning CS0108: 'HeroController.rigidbody2D' hides inherited member 'Component.rigidbody2D'. Use the new keyword if hiding was intended.
Assets\Game\Scripts\ColorTiming\Legacy\Boss1_Controller.cs(244,28): error CS0246: The type or namespace name 'TrackEntry' could not be found (are you missing a using directive or an assembly reference?)
Assets\Game\Scripts\ColorTiming\Legacy\Boss1_Controller.cs(244,51): error CS0246: The type or namespace name 'Spine' could not be found (are you missing a using directive or an assembly reference?)
Assets\Game\Scripts\ColorTiming\Legacy\Boss1_Controller.cs(259,33): error CS0246: The type or namespace name 'TrackEntry' could not be found (are you missing a using directive or an assembly reference?)
Assets\Game\Scripts\ColorTiming\Legacy\Skill\Sk_Bo2_dundi.cs(35,33): error CS0246: The type or namespace name 'TrackEntry' could not be found (are you missing a using directive or an assembly reference?)
Assets\Game\Scripts\ColorTiming\Legacy\Skill\Skill_Bo2w_Atk.cs(12,5): error CS0246: The type or namespace name 'SkeletonAnimation' could not be found (are you missing a using directive or an assembly reference?)
Assets\Game\Scripts\ColorTiming\Legacy\Boss1_Controller.cs(19,12): error CS0246: The type or namespace name 'SkeletonAnimation' could not be found (are you missing a using directive or an assembly reference?)
Assets\Game\Scripts\ColorTiming\Legacy\Skill\Sk_Bo2_dundi.cs(13,5): error CS0246: The type or namespace name 'SkeletonAnimation' could not be found (are you missing a using directive or an assembly reference?)
Assets\Game\Scripts\ColorTiming\Legacy\Boss1_Controller.cs(20,12): error CS0246: The type or namespace name 'SkeletonAnimation' could not be found (are you missing a using directive or an assembly reference?)
Assets\Game\Scripts\ColorTiming\Legacy\Boss1_Controller.cs(21,12): error CS0246: The type or namespace name 'SkeletonAnimation' could not be found (are you missing a using directive or an assembly reference?)
Assets\Game\Scripts\ColorTiming\Legacy\Boss2Anim_s.cs(53,23): error CS0246: The type or namespace name 'TrackEntry' could not be found (are you missing a using directive or an assembly reference?)
Assets\Game\Scripts\ColorTiming\Legacy\Boss2Anim_s.cs(53,46): error CS0246: The type or namespace name 'Spine' could not be found (are you missing a using directive or an assembly reference?)
Assets\Game\Scripts\ColorTiming\Legacy\Boss1Anim.cs(75,23): error CS0246: The type or namespace name 'TrackEntry' could not be found (are you missing a using directive or an assembly reference?)
Assets\Game\Scripts\ColorTiming\Legacy\Boss1Anim.cs(75,46): error CS0246: The type or namespace name 'Spine' could not be found (are you missing a using directive or an assembly reference?)
Assets\Game\Scripts\ColorTiming\Legacy\Boss2_Controller.cs(274,28): error CS0246: The type or namespace name 'TrackEntry' could not be found (are you missing a using directive or an assembly reference?)
Assets\Game\Scripts\ColorTiming\Legacy\Boss2_Controller.cs(274,51): error CS0246: The type or namespace name 'Spine' could not be found (are you missing a using directive or an assembly reference?)
Assets\Game\Scripts\ColorTiming\Legacy\Boss1Anim.cs(35,12): error CS0246: The type or namespace name 'SkeletonAnimation' could not be found (are you missing a using directive or an assembly reference?)
Assets\Game\Scripts\ColorTiming\Legacy\Boss2_Controller.cs(291,33): error CS0246: The type or namespace name 'TrackEntry' could not be found (are you missing a using directive or an assembly reference?)
Assets\Game\Scripts\ColorTiming\Legacy\Boss1Anim.cs(36,12): error CS0246: The type or namespace name 'SkeletonAnimation' could not be found (are you missing a using directive or an assembly reference?)
Assets\Game\Scripts\ColorTiming\Legacy\Boss2_Controller.cs(20,12): error CS0246: The type or namespace name 'SkeletonAnimation' could not be found (are you missing a using directive or an assembly reference?)
Assets\Game\Scripts\ColorTiming\Legacy\Boss2_Controller.cs(21,12): error CS0246: The type or namespace name 'SkeletonAnimation' could not be found (are you missing a using directive or an assembly reference?)
Assets\Game\Scripts\ColorTiming\Legacy\Boss2_Controller_w.cs(171,33): error CS0246: The type or namespace name 'TrackEntry' could not be found (are you missing a using directive or an assembly reference?)
Assets\Game\Scripts\ColorTiming\Legacy\Boss2_Controller_w.cs(199,28): error CS0246: The type or namespace name 'TrackEntry' could not be found (are you missing a using directive or an assembly reference?)
Assets\Game\Scripts\ColorTiming\Legacy\Boss2_Controller_w.cs(199,51): error CS0246: The type or namespace name 'Spine' could not be found (are you missing a using directive or an assembly reference?)
Assets\Game\Scripts\ColorTiming\Legacy\Boss2_Controller_w.cs(9,12): error CS0246: The type or namespace name 'SkeletonAnimation' could not be found (are you missing a using directive or an assembly reference?)
Assets\Plugins\Spine\Editor\spine-unity\Editor\Asset Types\SpineAtlasAssetInspector.cs(319,22): warning CS0618: 'TextureImporter.spritesheet' is obsolete: 'Support for accessing sprite meta data through spritesheet has been removed. Please use the UnityEditor.U2D.Sprites.ISpriteEditorDataProvider interface instead.'
Assets\Plugins\Spine\Editor\spine-unity\Editor\Asset Types\SpineAtlasAssetInspector.cs(375,4): warning CS0618: 'TextureImporter.spritesheet' is obsolete: 'Support for accessing sprite meta data through spritesheet has been removed. Please use the UnityEditor.U2D.Sprites.ISpriteEditorDataProvider interface instead.'
AssetDatabase: script compilation time: 2.140450s
Scripts have compiler errors.
Exiting without the bug reporter. Application will terminate with return code 1